Component: Arm Compiler for Embedded 6.19 Tool: armlink [5e73cb00]

==============================================================================

Section Cross References

    startup_stm32f103xb.o(RESET) refers to startup_stm32f103xb.o(STACK) for __initial_sp
    startup_stm32f103xb.o(RESET) refers to startup_stm32f103xb.o(.text) for Reset_Handler
    startup_stm32f103xb.o(RESET) refers to stm32f1xx_it.o(.text.NMI_Handler) for NMI_Handler
    startup_stm32f103xb.o(RESET) refers to context_rvds.o(.text) for HardFault_Handler
    startup_stm32f103xb.o(RESET) refers to stm32f1xx_it.o(.text.MemManage_Handler) for MemManage_Handler
    startup_stm32f103xb.o(RESET) refers to stm32f1xx_it.o(.text.BusFault_Handler) for BusFault_Handler
    startup_stm32f103xb.o(RESET) refers to stm32f1xx_it.o(.text.UsageFault_Handler) for UsageFault_Handler
    startup_stm32f103xb.o(RESET) refers to stm32f1xx_it.o(.text.DebugMon_Handler) for DebugMon_Handler
    startup_stm32f103xb.o(RESET) refers to board_1.o(.text.SysTick_Handler) for SysTick_Handler
    startup_stm32f103xb.o(RESET) refers to stm32f1xx_it.o(.text.USB_LP_CAN1_RX0_IRQHandler) for USB_LP_CAN1_RX0_IRQHandler
    startup_stm32f103xb.o(RESET) refers to stm32f1xx_it.o(.text.CAN1_RX1_IRQHandler) for CAN1_RX1_IRQHandler
    startup_stm32f103xb.o(RESET) refers to stm32f1xx_it.o(.text.USART2_IRQHandler) for USART2_IRQHandler
    startup_stm32f103xb.o(RESET) refers to stm32f1xx_it.o(.text.EXTI15_10_IRQHandler) for EXTI15_10_IRQHandler
    startup_stm32f103xb.o(.text) refers to system_stm32f1xx.o(.text.SystemInit) for SystemInit
    startup_stm32f103xb.o(.text) refers to entry.o(.ARM.Collect$$$$00000000) for __main
    main.o(.text.main) refers to stm32f1xx_hal.o(.text.HAL_Init) for HAL_Init
    main.o(.text.main) refers to memseta.o(.text) for __aeabi_memclr4
    main.o(.text.main) refers to stm32f1xx_hal_rcc.o(.text.HAL_RCC_OscConfig) for HAL_RCC_OscConfig
    main.o(.text.main) refers to stm32f1xx_hal_rcc.o(.text.HAL_RCC_ClockConfig) for HAL_RCC_ClockConfig
    main.o(.text.main) refers to gpio.o(.text.MX_GPIO_Init) for MX_GPIO_Init
    main.o(.text.main) refers to usart.o(.text.MX_USART1_UART_Init) for MX_USART1_UART_Init
    main.o(.text.main) refers to usart.o(.text.MX_USART2_UART_Init) for MX_USART2_UART_Init
    main.o(.text.main) refers to can.o(.text.MX_CAN_Init) for MX_CAN_Init
    main.o(.text.main) refers to bms_app.o(.text.BMS_SysInitialize) for BMS_SysInitialize
    main.o(.text.main) refers to stm32f1xx_hal_gpio.o(.text.HAL_GPIO_TogglePin) for HAL_GPIO_TogglePin
    main.o(.text.main) refers to thread.o(.text.rt_thread_mdelay) for rt_thread_mdelay
    main.o(.ARM.exidx.text.main) refers to main.o(.text.main) for [Anonymous Symbol]
    main.o(.text.SystemClock_Config) refers to memseta.o(.text) for __aeabi_memclr4
    main.o(.text.SystemClock_Config) refers to stm32f1xx_hal_rcc.o(.text.HAL_RCC_OscConfig) for HAL_RCC_OscConfig
    main.o(.text.SystemClock_Config) refers to stm32f1xx_hal_rcc.o(.text.HAL_RCC_ClockConfig) for HAL_RCC_ClockConfig
    main.o(.ARM.exidx.text.SystemClock_Config) refers to main.o(.text.SystemClock_Config) for [Anonymous Symbol]
    main.o(.ARM.exidx.text.Error_Handler) refers to main.o(.text.Error_Handler) for [Anonymous Symbol]
    gpio.o(.text.MX_GPIO_Init) refers to stm32f1xx_hal_gpio.o(.text.HAL_GPIO_WritePin) for HAL_GPIO_WritePin
    gpio.o(.text.MX_GPIO_Init) refers to stm32f1xx_hal_gpio.o(.text.HAL_GPIO_Init) for HAL_GPIO_Init
    gpio.o(.text.MX_GPIO_Init) refers to stm32f1xx_hal_cortex.o(.text.HAL_NVIC_SetPriority) for HAL_NVIC_SetPriority
    gpio.o(.text.MX_GPIO_Init) refers to stm32f1xx_hal_cortex.o(.text.HAL_NVIC_EnableIRQ) for HAL_NVIC_EnableIRQ
    gpio.o(.ARM.exidx.text.MX_GPIO_Init) refers to gpio.o(.text.MX_GPIO_Init) for [Anonymous Symbol]
    can.o(.text.MX_CAN_Init) refers to can.o(.bss.hcan) for hcan
    can.o(.text.MX_CAN_Init) refers to stm32f1xx_hal_can.o(.text.HAL_CAN_Init) for HAL_CAN_Init
    can.o(.text.MX_CAN_Init) refers to main.o(.text.Error_Handler) for Error_Handler
    can.o(.ARM.exidx.text.MX_CAN_Init) refers to can.o(.text.MX_CAN_Init) for [Anonymous Symbol]
    can.o(.text.HAL_CAN_MspInit) refers to stm32f1xx_hal_gpio.o(.text.HAL_GPIO_Init) for HAL_GPIO_Init
    can.o(.text.HAL_CAN_MspInit) refers to stm32f1xx_hal_cortex.o(.text.HAL_NVIC_SetPriority) for HAL_NVIC_SetPriority
    can.o(.text.HAL_CAN_MspInit) refers to stm32f1xx_hal_cortex.o(.text.HAL_NVIC_EnableIRQ) for HAL_NVIC_EnableIRQ
    can.o(.ARM.exidx.text.HAL_CAN_MspInit) refers to can.o(.text.HAL_CAN_MspInit) for [Anonymous Symbol]
    can.o(.text.HAL_CAN_MspDeInit) refers to stm32f1xx_hal_gpio.o(.text.HAL_GPIO_DeInit) for HAL_GPIO_DeInit
    can.o(.text.HAL_CAN_MspDeInit) refers to stm32f1xx_hal_cortex.o(.text.HAL_NVIC_DisableIRQ) for HAL_NVIC_DisableIRQ
    can.o(.ARM.exidx.text.HAL_CAN_MspDeInit) refers to can.o(.text.HAL_CAN_MspDeInit) for [Anonymous Symbol]
[...]
    HAL_CAN_RxFifo0FullCallback              0x08003a55   Thumb Code     2  stm32f1xx_hal_can.o(.text.HAL_CAN_RxFifo0FullCallback)
    HAL_CAN_RxFifo0MsgPendingCallback        0x08003a59   Thumb Code   108  drv_can.o(.text.HAL_CAN_RxFifo0MsgPendingCallback)
    HAL_CAN_RxFifo1FullCallback              0x08003af1   Thumb Code     2  stm32f1xx_hal_can.o(.text.HAL_CAN_RxFifo1FullCallback)
    HAL_CAN_RxFifo1MsgPendingCallback        0x08003af5   Thumb Code     2  stm32f1xx_hal_can.o(.text.HAL_CAN_RxFifo1MsgPendingCallback)
    HAL_CAN_SleepCallback                    0x08003af9   Thumb Code     2  stm32f1xx_hal_can.o(.text.HAL_CAN_SleepCallback)
    HAL_CAN_TxMailbox0AbortCallback          0x08003afd   Thumb Code     2  stm32f1xx_hal_can.o(.text.HAL_CAN_TxMailbox0AbortCallback)
    HAL_CAN_TxMailbox0CompleteCallback       0x08003b01   Thumb Code     2  stm32f1xx_hal_can.o(.text.HAL_CAN_TxMailbox0CompleteCallback)
    HAL_CAN_TxMailbox1AbortCallback          0x08003b05   Thumb Code     2  stm32f1xx_hal_can.o(.text.HAL_CAN_TxMailbox1AbortCallback)
    HAL_CAN_TxMailbox1CompleteCallback       0x08003b09   Thumb Code     2  stm32f1xx_hal_can.o(.text.HAL_CAN_TxMailbox1CompleteCallback)
    HAL_CAN_TxMailbox2AbortCallback          0x08003b0d   Thumb Code     2  stm32f1xx_hal_can.o(.text.HAL_CAN_TxMailbox2AbortCallback)
    HAL_CAN_TxMailbox2CompleteCallback       0x08003b11   Thumb Code     2  stm32f1xx_hal_can.o(.text.HAL_CAN_TxMailbox2CompleteCallback)
    HAL_CAN_WakeUpFromRxMsgCallback          0x08003b15   Thumb Code     2  stm32f1xx_hal_can.o(.text.HAL_CAN_WakeUpFromRxMsgCallback)
    HAL_DMA_Abort                            0x08003b19   Thumb Code    64  stm32f1xx_hal_dma.o(.text.HAL_DMA_Abort)
    HAL_DMA_Abort_IT                         0x08003b59   Thumb Code   164  stm32f1xx_hal_dma.o(.text.HAL_DMA_Abort_IT)
    HAL_GPIO_EXTI_Callback                   0x08003bfd   Thumb Code   182  drv_softi2c_bq769x0.o(.text.HAL_GPIO_EXTI_Callback)
    HAL_GPIO_EXTI_IRQHandler                 0x08003cb5   Thumb Code    22  stm32f1xx_hal_gpio.o(.text.HAL_GPIO_EXTI_IRQHandler)
    HAL_GPIO_Init                            0x08003ccd   Thumb Code   516  stm32f1xx_hal_gpio.o(.text.HAL_GPIO_Init)
    HAL_GPIO_ReadPin                         0x08003ed1   Thumb Code    10  stm32f1xx_hal_gpio.o(.text.HAL_GPIO_ReadPin)
    HAL_GPIO_TogglePin                       0x08003edd   Thumb Code    16  stm32f1xx_hal_gpio.o(.text.HAL_GPIO_TogglePin)
    HAL_GPIO_WritePin                        0x08003eed   Thumb Code    10  stm32f1xx_hal_gpio.o(.text.HAL_GPIO_WritePin)
    HAL_GetTick                              0x08003ef9   Thumb Code    12  stm32f1xx_hal.o(.text.HAL_GetTick)
    HAL_Init                                 0x08003f05   Thumb Code    38  stm32f1xx_hal.o(.text.HAL_Init)
    HAL_InitTick                             0x08003f2d   Thumb Code    80  stm32f1xx_hal.o(.text.HAL_InitTick)
    HAL_MspInit                              0x08003f7d   Thumb Code    74  stm32f1xx_hal_msp.o(.text.HAL_MspInit)
    HAL_NVIC_EnableIRQ                       0x08003fc9   Thumb Code    32  stm32f1xx_hal_cortex.o(.text.HAL_NVIC_EnableIRQ)
    HAL_NVIC_SetPriority                     0x08003fe9   Thumb Code    86  stm32f1xx_hal_cortex.o(.text.HAL_NVIC_SetPriority)
    HAL_NVIC_SetPriorityGrouping             0x08004041   Thumb Code    32  stm32f1xx_hal_cortex.o(.text.HAL_NVIC_SetPriorityGrouping)
    HAL_RCC_ClockConfig                      0x08004061   Thumb Code   442  stm32f1xx_hal_rcc.o(.text.HAL_RCC_ClockConfig)
    HAL_RCC_GetHCLKFreq                      0x0800421d   Thumb Code    12  stm32f1xx_hal_rcc.o(.text.HAL_RCC_GetHCLKFreq)
    HAL_RCC_GetPCLK1Freq                     0x08004229   Thumb Code    38  stm32f1xx_hal_rcc.o(.text.HAL_RCC_GetPCLK1Freq)
    HAL_RCC_GetPCLK2Freq                     0x08004251   Thumb Code    38  stm32f1xx_hal_rcc.o(.text.HAL_RCC_GetPCLK2Freq)
    HAL_RCC_OscConfig                        0x08004279   Thumb Code   816  stm32f1xx_hal_rcc.o(.text.HAL_RCC_OscConfig)
    HAL_SYSTICK_Config                       0x080045a9   Thumb Code    44  stm32f1xx_hal_cortex.o(.text.HAL_SYSTICK_Config)
    HAL_UARTEx_RxEventCallback               0x080045d5   Thumb Code     2  stm32f1xx_hal_uart.o(.text.HAL_UARTEx_RxEventCallback)
    HAL_UART_ErrorCallback                   0x080045d9   Thumb Code     2  stm32f1xx_hal_uart.o(.text.HAL_UART_ErrorCallback)
    HAL_UART_IRQHandler                      0x080045dd   Thumb Code   620  stm32f1xx_hal_uart.o(.text.HAL_UART_IRQHandler)
    HAL_UART_Init                            0x08004849   Thumb Code   222  stm32f1xx_hal_uart.o(.text.HAL_UART_Init)
    HAL_UART_MspInit                         0x08004929   Thumb Code   250  usart.o(.text.HAL_UART_MspInit)
    HAL_UART_Receive_IT                      0x08004a25   Thumb Code    86  stm32f1xx_hal_uart.o(.text.HAL_UART_Receive_IT)
    HAL_UART_RxCpltCallback                  0x08004a7d   Thumb Code    88  drv_rs485.o(.text.HAL_UART_RxCpltCallback)
    HAL_UART_Transmit                        0x08004ae5   Thumb Code   302  stm32f1xx_hal_uart.o(.text.HAL_UART_Transmit)
    HAL_UART_Transmit_IT                     0x08004c15   Thumb Code    68  stm32f1xx_hal_uart.o(.text.HAL_UART_Transmit_IT)
    HAL_UART_TxCpltCallback                  0x08004c59   Thumb Code    88  drv_rs485.o(.text.HAL_UART_TxCpltCallback)
    I2C_BusInitialize                        0x08004ce9   Thumb Code    74  drv_soft_i2c.o(.text.I2C_BusInitialize)
    I2C_TransferMessages                     0x08004db9   Thumb Code   776  drv_soft_i2c.o(.text.I2C_TransferMessages)
    MX_CAN_Init                              0x0800519d   Thumb Code    72  can.o(.text.MX_CAN_Init)
    MX_GPIO_Init                             0x080051e5   Thumb Code   278  gpio.o(.text.MX_GPIO_Init)
    MX_USART1_UART_Init                      0x080052fd   Thumb Code    60  usart.o(.text.MX_USART1_UART_Init)
    MX_USART2_UART_Init                      0x08005339   Thumb Code    60  usart.o(.text.MX_USART2_UART_Init)
    MemManage_Handler                        0x08005375   Thumb Code     2  stm32f1xx_it.o(.text.MemManage_Handler)
    NMI_Handler                              0x08005379   Thumb Code     2  stm32f1xx_it.o(.text.NMI_Handler)
    SysTick_Handler                          0x0800537d   Thumb Code    18  board_1.o(.text.SysTick_Handler)
    SystemClock_Config                       0x08005391   Thumb Code   110  main.o(.text.SystemClock_Config)
    SystemCoreClockUpdate                    0x08005401   Thumb Code   110  system_stm32f1xx.o(.text.SystemCoreClockUpdate)
    SystemInit                               0x08005471   Thumb Code     2  system_stm32f1xx.o(.text.SystemInit)
    USART2_IRQHandler                        0x08005531   Thumb Code    12  stm32f1xx_it.o(.text.USART2_IRQHandler)
    USB_LP_CAN1_RX0_IRQHandler               0x0800553d   Thumb Code    12  stm32f1xx_it.o(.text.USB_LP_CAN1_RX0_IRQHandler)
    UsageFault_Handler                       0x08005549   Thumb Code     2  stm32f1xx_it.o(.text.UsageFault_Handler)
    __rt_ffs                                 0x0800554d   Thumb Code    56  kservice.o(.text.__rt_ffs)
    cmd_free                                 0x08005639   Thumb Code    10  msh.o(.text.cmd_free)
    cmd_ps                                   0x08005645   Thumb Code    10  msh.o(.text.cmd_ps)
    finsh_system_init                        0x08005669   Thumb Code   172  shell.o(.text.finsh_system_init)
    finsh_thread_entry                       0x0800573d   Thumb Code  1176  shell.o(.text.finsh_thread_entry)
    hello                                    0x08005bed   Thumb Code    12  cmd.o(.text.hello)
    list                                     0x08005c0d   Thumb Code    88  cmd.o(.text.list)
    list_event                               0x08005c8d   Thumb Code   312  cmd.o(.text.list_event)
    list_mem                                 0x08005e3d   Thumb Code    56  mem.o(.text.list_mem)
    list_msgqueue                            0x08005ebd   Thumb Code   344  cmd.o(.text.list_msgqueue)
    list_sem                                 0x0800607d   Thumb Code   344  cmd.o(.text.list_sem)
    list_thread                              0x08006235   Thumb Code   308  cmd.o(.text.list_thread)
    list_timer                               0x080063f9   Thumb Code   236  cmd.o(.text.list_timer)
    $Super$$main                             0x0800656d   Thumb Code   154  main.o(.text.main)
    main_thread_entry                        0x08006609   Thumb Code    50  components.o(.text.main_thread_entry)
    msh_auto_complete                        0x0800663d   Thumb Code   312  msh.o(.text.msh_auto_complete)
    msh_exec                                 0x08006779   Thumb Code   500  msh.o(.text.msh_exec)
    msh_help                                 0x080069a9   Thumb Code   114  msh.o(.text.msh_help)
    msh_is_used                              0x08006a1d   Thumb Code     4  msh.o(.text.msh_is_used)
    right_bound                              0x08006d01   Thumb Code    80  bms_utils.o(.text.right_bound)
    rt_assert_handler                        0x08006d51   Thumb Code    64  kservice.o(.text.rt_assert_handler)
    rt_calloc                                0x08006dc9   Thumb Code    30  mem.o(.text.rt_calloc)
    rt_components_board_init                 0x08006de9   Thumb Code    44  components.o(.text.rt_components_board_init)
    rt_enter_critical                        0x08006e15   Thumb Code    28  scheduler.o(.text.rt_enter_critical)
    rt_exit_critical                         0x08006e31   Thumb Code    66  scheduler.o(.text.rt_exit_critical)
    rt_free                                  0x08006e75   Thumb Code   340  mem.o(.text.rt_free)
    rt_heap_begin_get                        0x08007051   Thumb Code    10  board_1.o(.text.rt_heap_begin_get)
    rt_heap_end_get                          0x0800705d   Thumb Code    14  board_1.o(.text.rt_heap_end_get)
    rt_hw_board_init                         0x0800706d   Thumb Code    62  board_1.o(.text.rt_hw_board_init)
    rt_hw_console_getchar                    0x080070ad   Thumb Code    36  board_1.o(.text.rt_hw_console_getchar)
    rt_hw_console_output                     0x080070d1   Thumb Code    96  board_1.o(.text.rt_hw_console_output)
    rt_hw_hard_fault_exception               0x08007131   Thumb Code   776  cpuport.o(.text.rt_hw_hard_fault_exception)
    rt_hw_stack_init                         0x080074e1   Thumb Code    66  cpuport.o(.text.rt_hw_stack_init)
    rt_interrupt_enter                       0x08007525   Thumb Code    28  irq.o(.text.rt_interrupt_enter)
    rt_interrupt_get_nest                    0x08007541   Thumb Code    24  irq.o(.text.rt_interrupt_get_nest)
    rt_interrupt_leave                       0x08007559   Thumb Code    28  irq.o(.text.rt_interrupt_leave)
    rt_kprintf                               0x08007575   Thumb Code    50  kservice.o(.text.rt_kprintf)
    rt_malloc                                0x080075a9   Thumb Code   488  mem.o(.text.rt_malloc)
    rt_memcpy                                0x080077e9   Thumb Code   122  kservice.o(.text.rt_memcpy)
    rt_memmove                               0x08007865   Thumb Code    58  kservice.o(.text.rt_memmove)
    rt_memset                                0x080078a1   Thumb Code    94  kservice.o(.text.rt_memset)
    rt_mq_send                               0x08007901   Thumb Code     6  ipc.o(.text.rt_mq_send)
    rt_mq_send_wait                          0x08007909   Thumb Code   612  ipc.o(.text.rt_mq_send_wait)
    rt_object_allocate                       0x08007b6d   Thumb Code   190  object.o(.text.rt_object_allocate)
    rt_object_delete                         0x08007c2d   Thumb Code   100  object.o(.text.rt_object_delete)
    rt_object_detach                         0x08007cbd   Thumb Code    56  object.o(.text.rt_object_detach)
    rt_object_get_information                0x08007d09   Thumb Code    34  object.o(.text.rt_object_get_information)
    rt_object_get_type                       0x08007d2d   Thumb Code    32  object.o(.text.rt_object_get_type)
    rt_object_init                           0x08007d61   Thumb Code   164  object.o(.text.rt_object_init)
    rt_object_is_systemobject                0x08007e15   Thumb Code    32  object.o(.text.rt_object_is_systemobject)
    rt_schedule                              0x08007e51   Thumb Code   126  scheduler.o(.text.rt_schedule)
    rt_schedule_insert_thread                0x08007ed1   Thumb Code   104  scheduler.o(.text.rt_schedule_insert_thread)
    rt_schedule_remove_thread                0x08007f55   Thumb Code   104  scheduler.o(.text.rt_schedule_remove_thread)
    rt_sem_init                              0x08007fd9   Thumb Code   100  ipc.o(.text.rt_sem_init)
    rt_sem_release                           0x0800803d   Thumb Code   138  ipc.o(.text.rt_sem_release)
    rt_sem_take                              0x080080c9   Thumb Code   366  ipc.o(.text.rt_sem_take)
    rt_show_version                          0x08008239   Thumb Code    48  kservice.o(.text.rt_show_version)
    rt_strlen                                0x080082f1   Thumb Code    16  kservice.o(.text.rt_strlen)
    rt_strncpy                               0x08008301   Thumb Code    50  kservice.o(.text.rt_strncpy)
    rt_system_heap_init                      0x08008335   Thumb Code   212  mem.o(.text.rt_system_heap_init)
    rt_system_scheduler_init                 0x0800844d   Thumb Code    82  scheduler.o(.text.rt_system_scheduler_init)
    rt_system_scheduler_start                0x080084a1   Thumb Code    56  scheduler.o(.text.rt_system_scheduler_start)
    rt_system_timer_init                     0x080084d9   Thumb Code    14  timer.o(.text.rt_system_timer_init)
    rt_system_timer_thread_init              0x080084e9   Thumb Code     2  timer.o(.text.rt_system_timer_thread_init)
    rt_thread_create                         0x080084ed   Thumb Code    74  thread.o(.text.rt_thread_create)
    rt_thread_exit                           0x08008539   Thumb Code   110  thread.o(.text.rt_thread_exit)
    rt_thread_idle_excute                    0x080085b1   Thumb Code   108  idle.o(.text.rt_thread_idle_excute)
    rt_thread_idle_init                      0x08008649   Thumb Code    72  idle.o(.text.rt_thread_idle_init)
    rt_thread_init                           0x08008699   Thumb Code   112  thread.o(.text.rt_thread_init)
    rt_thread_mdelay                         0x08008721   Thumb Code    14  thread.o(.text.rt_thread_mdelay)
    rt_thread_resume                         0x08008731   Thumb Code   130  thread.o(.text.rt_thread_resume)
    rt_thread_self                           0x080087b5   Thumb Code    12  thread.o(.text.rt_thread_self)
    rt_thread_sleep                          0x080087c1   Thumb Code   134  thread.o(.text.rt_thread_sleep)
    rt_thread_startup                        0x08008849   Thumb Code   140  thread.o(.text.rt_thread_startup)
    rt_thread_suspend                        0x0800890d   Thumb Code   126  thread.o(.text.rt_thread_suspend)
    rt_thread_timeout                        0x0800898d   Thumb Code   132  thread.o(.text.rt_thread_timeout)
    rt_thread_yield                          0x08008a4d   Thumb Code   114  thread.o(.text.rt_thread_yield)
    rt_tick_from_millisecond                 0x08008ac1   Thumb Code    58  clock.o(.text.rt_tick_from_millisecond)
    rt_tick_get                              0x08008afd   Thumb Code    12  clock.o(.text.rt_tick_get)
    rt_tick_increase                         0x08008b09   Thumb Code    52  clock.o(.text.rt_tick_increase)
    rt_timer_check                           0x08008b3d   Thumb Code   176  timer.o(.text.rt_timer_check)
    rt_timer_control                         0x08008bed   Thumb Code   138  timer.o(.text.rt_timer_control)
    rt_timer_create                          0x08008c79   Thumb Code    56  timer.o(.text.rt_timer_create)
    rt_timer_detach                          0x08008cb1   Thumb Code   128  timer.o(.text.rt_timer_detach)
    rt_timer_init                            0x08008d5d   Thumb Code    76  timer.o(.text.rt_timer_init)
    rt_timer_start                           0x08008db9   Thumb Code   224  timer.o(.text.rt_timer_start)
    rt_timer_stop                            0x08008ebd   Thumb Code   116  timer.o(.text.rt_timer_stop)
    rt_vsnprintf                             0x08008f31   Thumb Code   800  kservice.o(.text.rt_vsnprintf)
    rtthread_startup                         0x08009269   Thumb Code   108  components.o(.text.rtthread_startup)
    version                                  0x0800930d   Thumb Code    10  cmd.o(.text.version)
    __0sprintf                               0x08009319   Thumb Code    34  printfa.o(i.__0sprintf)
    __1sprintf                               0x08009319   Thumb Code     0  printfa.o(i.__0sprintf)
    __2sprintf                               0x08009319   Thumb Code     0  printfa.o(i.__0sprintf)
    __c89sprintf                             0x08009319   Thumb Code     0  printfa.o(i.__0sprintf)
    sprintf                                  0x08009319   Thumb Code     0  printfa.o(i.__0sprintf)
    __kernel_poly                            0x08009341   Thumb Code   170  poly.o(i.__kernel_poly)
    __mathlib_dbl_divzero                    0x080093ed   Thumb Code    12  dunder.o(i.__mathlib_dbl_divzero)
    __mathlib_dbl_infnan                     0x080093fd   Thumb Code     6  dunder.o(i.__mathlib_dbl_infnan)
    __mathlib_dbl_invalid                    0x08009403   Thumb Code    12  dunder.o(i.__mathlib_dbl_invalid)
    __scatterload_copy                       0x0800940f   Thumb Code    14  handlers.o(i.__scatterload_copy)
    __scatterload_null                       0x0800941d   Thumb Code     2  handlers.o(i.__scatterload_null)
    __scatterload_zeroinit                   0x0800941f   Thumb Code    14  handlers.o(i.__scatterload_zeroinit)
    __set_errno                              0x0800942d   Thumb Code     6  errno.o(i.__set_errno)
    log                                      0x08009cf5   Thumb Code   808  log.o(i.log)
    __mathlib_zero                           0x0800a088   Data           8  qnan.o(.constdata)
    AHBPrescTable                            0x0800a092   Data          16  system_stm32f1xx.o(.rodata.AHBPrescTable)
    APBPrescTable                            0x0800a0a2   Data           8  system_stm32f1xx.o(.rodata.APBPrescTable)
    __lowest_bit_bitmap                      0x0800a0aa   Data         256  kservice.o(.rodata.__lowest_bit_bitmap)
    __fsym___cmd_BMS_INFO_name               0x0800a1ba   Data          15  bms_msh_commond.o(.rodata.name)
    __fsym___cmd_BMS_INFO_desc               0x0800a1c9   Data           9  bms_msh_commond.o(.rodata.name)
    __fsym___cmd_BMS_CmdOpenDSG_name         0x0800a1d2   Data          21  bms_msh_commond.o(.rodata.name)
    __fsym___cmd_BMS_CmdOpenDSG_desc         0x0800a1e7   Data           9  bms_msh_commond.o(.rodata.name)
    __fsym___cmd_BMS_CmdCloseDSG_name        0x0800a1f0   Data          22  bms_msh_commond.o(.rodata.name)
    __fsym___cmd_BMS_CmdCloseDSG_desc        0x0800a206   Data          10  bms_msh_commond.o(.rodata.name)
    __fsym___cmd_BMS_CmdOpenCHG_name         0x0800a210   Data          21  bms_msh_commond.o(.rodata.name)
    __fsym___cmd_BMS_CmdOpenCHG_desc         0x0800a225   Data           9  bms_msh_commond.o(.rodata.name)
    __fsym___cmd_BMS_CmdCloseCHG_name        0x0800a22e   Data          22  bms_msh_commond.o(.rodata.name)
    __fsym___cmd_BMS_CmdCloseCHG_desc        0x0800a244   Data          10  bms_msh_commond.o(.rodata.name)
    __fsym___cmd_BMS_CmdOpenBalance_name     0x0800a24e   Data          25  bms_msh_commond.o(.rodata.name)
    __fsym___cmd_BMS_CmdOpenBalance_desc     0x0800a267   Data          13  bms_msh_commond.o(.rodata.name)
    __fsym___cmd_BMS_CmdCloseBalance_name    0x0800a274   Data          26  bms_msh_commond.o(.rodata.name)
    __fsym___cmd_BMS_CmdCloseBalance_desc    0x0800a28e   Data          14  bms_msh_commond.o(.rodata.name)
    __fsym___cmd_BMS_CmdLoadDetect_name      0x0800a29c   Data          24  bms_msh_commond.o(.rodata.name)
    __fsym___cmd_BMS_CmdLoadDetect_desc      0x0800a2b4   Data          12  bms_msh_commond.o(.rodata.name)
    __fsym___cmd_BMS_CmdOpenInfo_name        0x0800a2c0   Data          22  bms_msh_commond.o(.rodata.name)
    __fsym___cmd_BMS_CmdOpenInfo_desc        0x0800a2d6   Data          17  bms_msh_commond.o(.rodata.name)
    __fsym___cmd_BMS_CmdCloseInfo_name       0x0800a2e7   Data          23  bms_msh_commond.o(.rodata.name)
    __fsym___cmd_BMS_CmdCloseInfo_desc       0x0800a2fe   Data          18  bms_msh_commond.o(.rodata.name)
    __fsym_list_mem_name                     0x0800a310   Data           9  mem.o(.rodata.name)
    __fsym_list_mem_desc                     0x0800a319   Data          30  mem.o(.rodata.name)
    __fsym_hello_name                        0x0800a337   Data           6  cmd.o(.rodata.name)
    __fsym_hello_desc                        0x0800a33d   Data          16  cmd.o(.rodata.name)
    __fsym_version_name                      0x0800a34d   Data           8  cmd.o(.rodata.name)
    __fsym_version_desc                      0x0800a355   Data          35  cmd.o(.rodata.name)
    __fsym___cmd_version_name                0x0800a378   Data          14  cmd.o(.rodata.name)
    __fsym___cmd_version_desc                0x0800a386   Data          35  cmd.o(.rodata.name)
    __fsym_list_thread_name                  0x0800a3a9   Data          12  cmd.o(.rodata.name)
    __fsym_list_thread_desc                  0x0800a3b5   Data          12  cmd.o(.rodata.name)
    __fsym___cmd_list_thread_name            0x0800a3c1   Data          18  cmd.o(.rodata.name)
    __fsym___cmd_list_thread_desc            0x0800a3d3   Data          12  cmd.o(.rodata.name)
    __fsym_list_sem_name                     0x0800a3df   Data           9  cmd.o(.rodata.name)
    __fsym_list_sem_desc                     0x0800a3e8   Data          25  cmd.o(.rodata.name)
    __fsym___cmd_list_sem_name               0x0800a401   Data          15  cmd.o(.rodata.name)
    __fsym___cmd_list_sem_desc               0x0800a410   Data          25  cmd.o(.rodata.name)
    __fsym_list_event_name                   0x0800a429   Data          11  cmd.o(.rodata.name)
    __fsym_list_event_desc                   0x0800a434   Data          21  cmd.o(.rodata.name)
    __fsym___cmd_list_event_name             0x0800a449   Data          17  cmd.o(.rodata.name)
    __fsym___cmd_list_event_desc             0x0800a45a   Data          21  cmd.o(.rodata.name)
    __fsym_list_msgqueue_name                0x0800a46f   Data          14  cmd.o(.rodata.name)
    __fsym_list_msgqueue_desc                0x0800a47d   Data          29  cmd.o(.rodata.name)
    __fsym___cmd_list_msgqueue_name          0x0800a49a   Data          20  cmd.o(.rodata.name)
    __fsym___cmd_list_msgqueue_desc          0x0800a4ae   Data          29  cmd.o(.rodata.name)
    __fsym_list_timer_name                   0x0800a4cb   Data          11  cmd.o(.rodata.name)
    __fsym_list_timer_desc                   0x0800a4d6   Data          21  cmd.o(.rodata.name)
    __fsym___cmd_list_timer_name             0x0800a4eb   Data          17  cmd.o(.rodata.name)
    __fsym___cmd_list_timer_desc             0x0800a4fc   Data          21  cmd.o(.rodata.name)
    __fsym_list_name                         0x0800a511   Data           5  cmd.o(.rodata.name)
    __fsym_list_desc                         0x0800a516   Data          26  cmd.o(.rodata.name)
    __fsym___cmd_help_name                   0x0800a530   Data          11  msh.o(.rodata.name)
    __fsym___cmd_help_desc                   0x0800a53b   Data          22  msh.o(.rodata.name)
    __fsym___cmd_ps_name                     0x0800a551   Data           9  msh.o(.rodata.name)
    __fsym___cmd_ps_desc                     0x0800a55a   Data          28  msh.o(.rodata.name)
    __fsym___cmd_free_name                   0x0800a576   Data          11  msh.o(.rodata.name)
    __fsym___cmd_free_desc                   0x0800a581   Data          37  msh.o(.rodata.name)
    __rt_init_rti_start                      0x0800afd8   Data           4  components.o(.rti_fn.0)
    __rt_init_rti_board_start                0x0800afdc   Data           4  components.o(.rti_fn.0.end)
    __rt_init_uart_init                      0x0800afe0   Data           4  board_1.o(.rti_fn.1)
    __rt_init_rti_board_end                  0x0800afe4   Data           4  components.o(.rti_fn.1.end)
    __rt_init_finsh_system_init              0x0800afe8   Data           4  shell.o(.rti_fn.6)
    __rt_init_rti_end                        0x0800afec   Data           4  components.o(.rti_fn.6.end)
    FSymTab$$Base                            0x0800aff0   Number         0  bms_msh_commond.o(FSymTab)
    __fsym___cmd_BMS_INFO                    0x0800aff0   Data          12  bms_msh_commond.o(FSymTab)
    __fsym___cmd_BMS_CmdOpenDSG              0x0800affc   Data          12  bms_msh_commond.o(FSymTab)
    __fsym___cmd_BMS_CmdCloseDSG             0x0800b008   Data          12  bms_msh_commond.o(FSymTab)
    __fsym___cmd_BMS_CmdOpenCHG              0x0800b014   Data          12  bms_msh_commond.o(FSymTab)
    __fsym___cmd_BMS_CmdCloseCHG             0x0800b020   Data          12  bms_msh_commond.o(FSymTab)
    __fsym___cmd_BMS_CmdOpenBalance          0x0800b02c   Data          12  bms_msh_commond.o(FSymTab)
    __fsym___cmd_BMS_CmdCloseBalance         0x0800b038   Data          12  bms_msh_commond.o(FSymTab)
    __fsym___cmd_BMS_CmdLoadDetect           0x0800b044   Data          12  bms_msh_commond.o(FSymTab)
    __fsym___cmd_BMS_CmdOpenInfo             0x0800b050   Data          12  bms_msh_commond.o(FSymTab)
    __fsym___cmd_BMS_CmdCloseInfo            0x0800b05c   Data          12  bms_msh_commond.o(FSymTab)
    __fsym_list_mem                          0x0800b068   Data          12  mem.o(FSymTab)
    __fsym_hello                             0x0800b074   Data          12  cmd.o(FSymTab)
    __fsym_version                           0x0800b080   Data          12  cmd.o(FSymTab)
    __fsym___cmd_version                     0x0800b08c   Data          12  cmd.o(FSymTab)
    __fsym_list_thread                       0x0800b098   Data          12  cmd.o(FSymTab)
    __fsym___cmd_list_thread                 0x0800b0a4   Data          12  cmd.o(FSymTab)
    __fsym_list_sem                          0x0800b0b0   Data          12  cmd.o(FSymTab)
    __fsym___cmd_list_sem                    0x0800b0bc   Data          12  cmd.o(FSymTab)
    __fsym_list_event                        0x0800b0c8   Data          12  cmd.o(FSymTab)
    __fsym___cmd_list_event                  0x0800b0d4   Data          12  cmd.o(FSymTab)
    __fsym_list_msgqueue                     0x0800b0e0   Data          12  cmd.o(FSymTab)
    __fsym___cmd_list_msgqueue               0x0800b0ec   Data          12  cmd.o(FSymTab)
    __fsym_list_timer                        0x0800b0f8   Data          12  cmd.o(FSymTab)
    __fsym___cmd_list_timer                  0x0800b104   Data          12  cmd.o(FSymTab)
    __fsym_list                              0x0800b110   Data          12  cmd.o(FSymTab)
    __fsym___cmd_help                        0x0800b11c   Data          12  msh.o(FSymTab)
    __fsym___cmd_ps                          0x0800b128   Data          12  msh.o(FSymTab)
    __fsym___cmd_free                        0x0800b134   Data          12  msh.o(FSymTab)
    FSymTab$$Limit                           0x0800b140   Number         0  msh.o(FSymTab)
    Region$$Table$$Base                      0x0800b140   Number         0  anon$$obj.o(Region$$Table)
    Region$$Table$$Limit                     0x0800b160   Number         0  anon$$obj.o(Region$$Table)
    BMS_AnalysisData                         0x20000004   Data          48  bms_analysis.o(.data.BMS_AnalysisData)
    BMS_EnergyData                           0x20000034   Data          32  bms_energy.o(.data.BMS_EnergyData)
    BMS_GlobalParam                          0x20000054   Data           6  bms_global.o(.data.BMS_GlobalParam)
    BMS_Protect                              0x2000005c   Data          72  bms_protect.o(.data.BMS_Protect)
    SocOcvTab                                0x200000a4   Data         202  bms_analysis.o(.data.SocOcvTab)
    SystemCoreClock                          0x20000170   Data           4  system_stm32f1xx.o(.data.SystemCoreClock)
    i2c1                                     0x20000174   Data          32  drv_soft_i2c.o(.data.i2c1)
    uwTickFreq                               0x200001e4   Data           1  stm32f1xx_hal.o(.data.uwTickFreq)
    uwTickPrio                               0x200001e8   Data           4  stm32f1xx_hal.o(.data.uwTickPrio)
    BMS_MonitorData                          0x2000021c   Data          76  bms_monitor.o(.bss.BMS_MonitorData)
    BQ769X0_SampleData                       0x2000027c   Data          36  drv_softi2c_bq769x0.o(.bss.BQ769X0_SampleData)
    _syscall_table_begin                     0x2000033c   Data           4  shell.o(.bss._syscall_table_begin)
    _syscall_table_end                       0x20000340   Data           4  shell.o(.bss._syscall_table_end)
    hcan                                     0x200003cc   Data          40  can.o(.bss.hcan)
    huart1                                   0x2000041c   Data          68  usart.o(.bss.huart1)
    huart2                                   0x20000460   Data          68  usart.o(.bss.huart2)
    rc                                       0x2000053c   Data           1  drv_rs485.o(.bss.rc)
    rt_assert_hook                           0x20000540   Data           4  kservice.o(.bss.rt_assert_hook)
    rt_current_priority                      0x20000544   Data           1  scheduler.o(.bss.rt_current_priority)
    rt_current_thread                        0x20000548   Data           4  scheduler.o(.bss.rt_current_thread)
    rt_interrupt_from_thread                 0x20002d50   Data           4  cpuport.o(.bss.rt_interrupt_from_thread)
    rt_interrupt_nest                        0x20002d54   Data           1  irq.o(.bss.rt_interrupt_nest)
    rt_interrupt_to_thread                   0x20002d58   Data           4  cpuport.o(.bss.rt_interrupt_to_thread)
    rt_thread_defunct                        0x20002de0   Data           8  scheduler.o(.bss.rt_thread_defunct)
    rt_thread_priority_table                 0x20002de8   Data         256  scheduler.o(.bss.rt_thread_priority_table)
    rt_thread_ready_priority_group           0x20002ee8   Data           4  scheduler.o(.bss.rt_thread_ready_priority_group)
    rt_thread_switch_interrupt_flag          0x20002fec   Data           4  cpuport.o(.bss.rt_thread_switch_interrupt_flag)
    shell                                    0x20003000   Data           4  shell.o(.bss.shell)
    uwTick                                   0x20003008   Data           4  stm32f1xx_hal.o(.bss.uwTick)
    __initial_sp                             0x20003410   Data           0  startup_stm32f103xb.o(STACK)



==============================================================================

Memory Map of the image

  Image Entry point : 0x080000ed

  Load Region LR_IROM1 (Base: 0x08000000, Size: 0x0000b350, Max: 0x00010000, ABSOLUTE, COMPRESSED[0x0000b2d0])

    Execution Region ER_IROM1 (Exec base: 0x08000000, Load base: 0x08000000, Size: 0x0000b160, Max: 0x00010000, ABSOLUTE)

    Exec Addr    Load Addr    Size         Type   Attr      Idx    E Section Name        Object

    0x08000000   0x08000000   0x000000ec   Data   RO            3    RESET               startup_stm32f103xb.o
    0x080000ec   0x080000ec   0x00000000   Code   RO         1634  * .ARM.Collect$$$$00000000  mc_w.l(entry.o)
    0x080000ec   0x080000ec   0x00000004   Code   RO         1967    .ARM.Collect$$$$00000001  mc_w.l(entry2.o)
    0x080000f0   0x080000f0   0x00000004   Code   RO         1970    .ARM.Collect$$$$00000004  mc_w.l(entry5.o)
    0x080000f4   0x080000f4   0x00000000   Code   RO         1972    .ARM.Collect$$$$00000008  mc_w.l(entry7b.o)
    0x080000f4   0x080000f4   0x00000000   Code   RO         1974    .ARM.Collect$$$$0000000A  mc_w.l(entry8b.o)
    0x080000f4   0x080000f4   0x00000008   Code   RO         1975    .ARM.Collect$$$$0000000B  mc_w.l(entry9a.o)
    0x080000fc   0x080000fc   0x00000000   Code   RO         1977    .ARM.Collect$$$$0000000D  mc_w.l(entry10a.o)
    0x080000fc   0x080000fc   0x00000000   Code   RO         1979    .ARM.Collect$$$$0000000F  mc_w.l(entry11a.o)
    0x080000fc   0x080000fc   0x00000004   Code   RO         1968    .ARM.Collect$$$$00002712  mc_w.l(entry2.o)
    0x08000100   0x08000100   0x00000024   Code   RO            4    .text               startup_stm32f103xb.o
    0x08000124   0x08000124   0x000000f4   Code   RO         1081    .text               context_rvds.o
    0x08000218   0x08000218   0x00000024   Code   RO         1639    .text               mc_w.l(memseta.o)
    0x0800023c   0x0800023c   0x00000018   Code   RO         1641    .text               mc_w.l(strncpy.o)
    0x08000254   0x08000254   0x0000000e   Code   RO         1643    .text               mc_w.l(strlen.o)
    0x08000262   0x08000262   0x0000001e   Code   RO         1647    .text               mc_w.l(strncmp.o)
    0x08000280   0x08000280   0x000000b0   Code   RO         1912    .text               mf_w.l(fadd.o)
    0x08000330   0x08000330   0x00000064   Code   RO         1914    .text               mf_w.l(fmul.o)
    0x08000394   0x08000394   0x0000007c   Code   RO         1916    .text               mf_w.l(fdiv.o)
    0x08000410   0x08000410   0x0000014e   Code   RO         1918    .text               mf_w.l(dadd.o)
    0x0800055e   0x0800055e   0x000000e4   Code   RO         1920    .text               mf_w.l(dmul.o)
    0x08000642   0x08000642   0x000000de   Code   RO         1922    .text               mf_w.l(ddiv.o)
    0x08000720   0x08000720   0x0000001c   Code   RO         1924    .text               mf_w.l(fcmple.o)
    0x0800073c   0x0800073c   0x0000001c   Code   RO         1926    .text               mf_w.l(fcmplt.o)
    0x08000758   0x08000758   0x0000001c   Code   RO         1928    .text               mf_w.l(fcmpge.o)
    0x08000774   0x08000774   0x0000001c   Code   RO         1930    .text               mf_w.l(fcmpgt.o)
    0x08000790   0x08000790   0x0000001c   Code   RO         1932    .text               mf_w.l(fcmpeq.o)
    0x080007ac   0x080007ac   0x00000012   Code   RO         1936    .text               mf_w.l(fflti.o)
    0x080007be   0x080007be   0x0000000a   Code   RO         1938    .text               mf_w.l(ffltui.o)
    0x080007c8   0x080007c8   0x00000022   Code   RO         1940    .text               mf_w.l(dflti.o)
    0x080007ea   0x080007ea   0x0000001a   Code   RO         1942    .text               mf_w.l(dfltui.o)
    0x08000804   0x08000804   0x00000032   Code   RO         1944    .text               mf_w.l(ffixi.o)
    0x08000836   0x08000836   0x00000026   Code   RO         1946    .text               mf_w.l(f2d.o)
    0x0800085c   0x0800085c   0x00000038   Code   RO         1948    .text               mf_w.l(d2f.o)
    0x08000894   0x08000894   0x0000002c   Code   RO         1995    .text               mc_w.l(uidiv.o)
    0x080008c0   0x080008c0   0x00000062   Code   RO         1997    .text               mc_w.l(uldiv.o)
    0x08000922   0x08000922   0x0000001e   Code   RO         1999    .text               mc_w.l(llshl.o)
    0x08000940   0x08000940   0x00000024   Code   RO         2001    .text               mc_w.l(llsshr.o)
    0x08000964   0x08000964   0x00000000   Code   RO         2010    .text               mc_w.l(iusefp.o)
    0x08000964   0x08000964   0x0000006e   Code   RO         2011    .text               mf_w.l(fepilogue.o)
    0x080009d2   0x080009d2   0x000000ba   Code   RO         2013    .text               mf_w.l(depilogue.o)
    0x08000a8c   0x08000a8c   0x0000002e   Code   RO         2015    .text               mf_w.l(dscalb.o)
    0x08000aba   0x08000aba   0x00000030   Code   RO         2017    .text               mf_w.l(dfixul.o)
    0x08000aea   0x08000aea   0x00000002   PAD
    0x08000aec   0x08000aec   0x00000030   Code   RO         2019    .text               mf_w.l(cdcmple.o)
    0x08000b1c   0x08000b1c   0x00000030   Code   RO         2021    .text               mf_w.l(cdrcmple.o)
    0x08000b4c   0x08000b4c   0x00000024   Code   RO         2023    .text               mc_w.l(init.o)
    0x08000b70   0x08000b70   0x00000020   Code   RO         2026    .text               mc_w.l(llushr.o)
    0x08000b90   0x08000b90   0x00000056   Code   RO         2037    .text               mc_w.l(__dczerorl2.o)
    0x08000be6   0x08000be6   0x00000002   PAD
    0x08000be8   0x08000be8   0x0000000a   Code   RO         1117    .text.$Sub$$main    components.o
    0x08000bf2   0x08000bf2   0x00000002   PAD
    0x08000bf4   0x08000bf4   0x00000080   Code   RO          743    .text.BMS_AnalysisInit  bms_analysis.o
    0x08000c74   0x08000c74   0x00000398   Code   RO          745    .text.BMS_AnalysisTaskEntry  bms_analysis.o
    0x0800100c   0x0800100c   0x00000074   Code   RO          762    .text.BMS_BalanceTimerEntry  bms_energy.o
    0x08001080   0x08001080   0x0000000e   Code   RO          820    .text.BMS_CmdCloseBalance  bms_msh_commond.o
    0x0800108e   0x0800108e   0x00000002   PAD
    0x08001090   0x08001090   0x0000000e   Code   RO          816    .text.BMS_CmdCloseCHG  bms_msh_commond.o
    0x0800109e   0x0800109e   0x00000002   PAD
    0x080010a0   0x080010a0   0x0000000e   Code   RO          812    .text.BMS_CmdCloseDSG  bms_msh_commond.o
    0x080010ae   0x080010ae   0x00000002   PAD
    0x080010b0   0x080010b0   0x00000006   Code   RO          826    .text.BMS_CmdCloseInfo  bms_msh_commond.o
    0x080010b6   0x080010b6   0x00000002   PAD
    0x080010b8   0x080010b8   0x00000068   Code   RO          822    .text.BMS_CmdLoadDetect  bms_msh_commond.o
    0x08001120   0x08001120   0x0000000e   Code   RO          818    .text.BMS_CmdOpenBalance  bms_msh_commond.o
    0x0800112e   0x0800112e   0x00000002   PAD
    0x08001130   0x08001130   0x0000000e   Code   RO          814    .text.BMS_CmdOpenCHG  bms_msh_commond.o
    0x0800113e   0x0800113e   0x00000002   PAD
    0x08001140   0x08001140   0x0000000e   Code   RO          810    .text.BMS_CmdOpenDSG  bms_msh_commond.o
    0x0800114e   0x0800114e   0x00000002   PAD
    0x08001150   0x08001150   0x00000006   Code   RO          824    .text.BMS_CmdOpenInfo  bms_msh_commond.o
    0x08001156   0x08001156   0x00000002   PAD
    0x08001158   0x08001158   0x00000078   Code   RO          796    .text.BMS_CommInit  bms_comm.o
    0x080011d0   0x080011d0   0x0000000a   Code   RO          798    .text.BMS_CommTaskEntry  bms_comm.o
    0x080011da   0x080011da   0x00000002   PAD
    0x080011dc   0x080011dc   0x000000cc   Code   RO          758    .text.BMS_EnergyInit  bms_energy.o
    0x080012a8   0x080012a8   0x000003c8   Code   RO          760    .text.BMS_EnergyTaskEntry  bms_energy.o
    0x08001670   0x08001670   0x00000004   Code   RO          893    .text.BMS_HalCtrlCellsBalance  bms_hal_control.o
    0x08001674   0x08001674   0x00000008   Code   RO          891    .text.BMS_HalCtrlCharge  bms_hal_control.o
    0x0800167c   0x0800167c   0x00000008   Code   RO          889    .text.BMS_HalCtrlDischarge  bms_hal_control.o
    0x08001684   0x08001684   0x00000004   Code   RO          808    .text.BMS_INFO      bms_msh_commond.o
    0x08001688   0x08001688   0x00000074   Code   RO          779    .text.BMS_InfoInit  bms_info.o
    0x080016fc   0x080016fc   0x000003c0   Code   RO          783    .text.BMS_InfoPrintf  bms_info.o
    0x08001abc   0x08001abc   0x00000002   Code   RO          785    .text.BMS_InfoSetPrintf  bms_info.o
    0x08001abe   0x08001abe   0x00000002   PAD
    0x08001ac0   0x08001ac0   0x000000b2   Code   RO          781    .text.BMS_InfoTaskEntry  bms_info.o
    0x08001b72   0x08001b72   0x00000002   PAD
    0x08001b74   0x08001b74   0x0000000e   Code   RO          692    .text.BMS_MonitorHwCurrent  bms_monitor.o
    0x08001b82   0x08001b82   0x00000002   PAD
    0x08001b84   0x08001b84   0x00000078   Code   RO          680    .text.BMS_MonitorInit  bms_monitor.o
    0x08001bfc   0x08001bfc   0x000002c4   Code   RO          682    .text.BMS_MonitorTaskEntry  bms_monitor.o
    0x08001ec0   0x08001ec0   0x00000038   Code   RO          726    .text.BMS_ProtectHwDevice  bms_protect.o
    0x08001ef8   0x08001ef8   0x00000068   Code   RO          718    .text.BMS_ProtectHwOCD  bms_protect.o
    0x08001f60   0x08001f60   0x00000064   Code   RO          722    .text.BMS_ProtectHwOV  bms_protect.o
    0x08001fc4   0x08001fc4   0x00000038   Code   RO          728    .text.BMS_ProtectHwOvrd  bms_protect.o
    0x08001ffc   0x08001ffc   0x00000068   Code   RO          720    .text.BMS_ProtectHwSCD  bms_protect.o
    0x08002064   0x08002064   0x00000064   Code   RO          724    .text.BMS_ProtectHwUV  bms_protect.o
    0x080020c8   0x080020c8   0x00000078   Code   RO          714    .text.BMS_ProtectInit  bms_protect.o
    0x08002140   0x08002140   0x00000418   Code   RO          716    .text.BMS_ProtectTaskEntry  bms_protect.o
    0x08002558   0x08002558   0x00000084   Code   RO          672    .text.BMS_SysInitialize  bms_app.o
    0x080025dc   0x080025dc   0x00000074   Code   RO          998    .text.BQ769X0_CellBalanceControl  drv_softi2c_bq769x0.o
    0x08002650   0x08002650   0x00000020   Code   RO          996    .text.BQ769X0_ControlDSGOrCHG  drv_softi2c_bq769x0.o
    0x08002670   0x08002670   0x000002e0   Code   RO         1014    .text.BQ769X0_Initialize  drv_softi2c_bq769x0.o
    0x08002950   0x08002950   0x0000002a   Code   RO          990    .text.BQ769X0_LoadDetect  drv_softi2c_bq769x0.o
    0x0800297a   0x0800297a   0x00000002   PAD
    0x0800297c   0x0800297c   0x000001b0   Code   RO          972    .text.BQ769X0_ReadBlockWithCRC  drv_softi2c_bq769x0.o
    0x08002b2c   0x08002b2c   0x00000120   Code   RO          988    .text.BQ769X0_ReadRegisterByteWithCRC  drv_softi2c_bq769x0.o
    0x08002c4c   0x08002c4c   0x0000019c   Code   RO          980    .text.BQ769X0_ReadRegisterWordWithCRC  drv_softi2c_bq769x0.o
    0x08002de8   0x08002de8   0x000000ac   Code   RO          984    .text.BQ769X0_UpadteBatVolt  drv_softi2c_bq769x0.o
    0x08002e94   0x08002e94   0x000000bc   Code   RO          970    .text.BQ769X0_UpdateCellVolt  drv_softi2c_bq769x0.o
    0x08002f50   0x08002f50   0x000000ac   Code   RO          982    .text.BQ769X0_UpdateCurrent  drv_softi2c_bq769x0.o
    0x08002ffc   0x08002ffc   0x00000152   Code   RO          974    .text.BQ769X0_UpdateTsTemp  drv_softi2c_bq769x0.o
    0x0800314e   0x0800314e   0x00000002   PAD
    0x08003150   0x08003150   0x0000012c   Code   RO         1000    .text.BQ769X0_WriteBlockWithCRC  drv_softi2c_bq769x0.o
    0x0800327c   0x0800327c   0x000000d0   Code   RO          976    .text.BQ769X0_WriteRegisterByteWithCRC  drv_softi2c_bq769x0.o
    0x0800334c   0x0800334c   0x0000001c   Code   RO          928    .text.Bms_HalMonitorBatteryCurrent  bms_hal_monitor.o
    0x08003368   0x08003368   0x0000001c   Code   RO          926    .text.Bms_HalMonitorBatteryVoltage  bms_hal_monitor.o
    0x08003384   0x08003384   0x0000007a   Code   RO          930    .text.Bms_HalMonitorCellTemperature  bms_hal_monitor.o
    0x080033fe   0x080033fe   0x00000002   PAD
    0x08003400   0x08003400   0x0000005a   Code   RO          922    .text.Bms_HalMonitorCellVoltage  bms_hal_monitor.o
    0x0800345a   0x0800345a   0x00000002   PAD
    0x0800345c   0x0800345c   0x00000004   Code   RO          932    .text.Bms_HalMonitorLoadDetect  bms_hal_monitor.o
    0x08003460   0x08003460   0x00000056   Code   RO          858    .text.BubbleFloat   bms_utils.o
    0x080034b6   0x080034b6   0x00000002   PAD
    0x080034b8   0x080034b8   0x0000007a   Code   RO          874    .text.BubbleSort    bms_utils.o
    0x08003532   0x08003532   0x00000002   PAD
    0x08003534   0x08003534   0x00000002   Code   RO           71    .text.BusFault_Handler  stm32f1xx_it.o
    0x08003536   0x08003536   0x00000002   PAD
    0x08003538   0x08003538   0x0000000c   Code   RO           79    .text.CAN1_RX1_IRQHandler  stm32f1xx_it.o
    0x08003544   0x08003544   0x00000002   Code   RO           75    .text.DebugMon_Handler  stm32f1xx_it.o
    0x08003546   0x08003546   0x00000002   PAD
    0x08003548   0x08003548   0x00000008   Code   RO           83    .text.EXTI15_10_IRQHandler  stm32f1xx_it.o
    0x08003550   0x08003550   0x0000000a   Code   RO           15    .text.Error_Handler  main.o
    0x0800355a   0x0800355a   0x00000002   PAD
    0x0800355c   0x0800355c   0x00000002   Code   RO          179    .text.HAL_CAN_ErrorCallback  stm32f1xx_hal_can.o
    0x0800355e   0x0800355e   0x00000002   PAD
    0x08003560   0x08003560   0x0000011c   Code   RO          145    .text.HAL_CAN_GetRxMessage  stm32f1xx_hal_can.o
    0x0800367c   0x0800367c   0x00000242   Code   RO          153    .text.HAL_CAN_IRQHandler  stm32f1xx_hal_can.o
    0x080038be   0x080038be   0x00000002   PAD
    0x080038c0   0x080038c0   0x000000f4   Code   RO          115    .text.HAL_CAN_Init  stm32f1xx_hal_can.o
    0x080039b4   0x080039b4   0x0000009e   Code   RO           36    .text.HAL_CAN_MspInit  can.o
    0x08003a52   0x08003a52   0x00000002   PAD
    0x08003a54   0x08003a54   0x00000002   Code   RO          167    .text.HAL_CAN_RxFifo0FullCallback  stm32f1xx_hal_can.o
    0x08003a56   0x08003a56   0x00000002   PAD
    0x08003a58   0x08003a58   0x00000098   Code   RO         1063    .text.HAL_CAN_RxFifo0MsgPendingCallback  drv_can.o
    0x08003af0   0x08003af0   0x00000002   Code   RO          171    .text.HAL_CAN_RxFifo1FullCallback  stm32f1xx_hal_can.o
    0x08003af2   0x08003af2   0x00000002   PAD
    0x08003af4   0x08003af4   0x00000002   Code   RO          173    .text.HAL_CAN_RxFifo1MsgPendingCallback  stm32f1xx_hal_can.o
    0x08003af6   0x08003af6   0x00000002   PAD
    0x08003af8   0x08003af8   0x00000002   Code   RO          175    .text.HAL_CAN_SleepCallback  stm32f1xx_hal_can.o
    0x08003afa   0x08003afa   0x00000002   PAD
    0x08003afc   0x08003afc   0x00000002   Code   RO          157    .text.HAL_CAN_TxMailbox0AbortCallback  stm32f1xx_hal_can.o
    0x08003afe   0x08003afe   0x00000002   PAD
    0x08003b00   0x08003b00   0x00000002   Code   RO          155    .text.HAL_CAN_TxMailbox0CompleteCallback  stm32f1xx_hal_can.o
    0x08003b02   0x08003b02   0x00000002   PAD
    0x08003b04   0x08003b04   0x00000002   Code   RO          161    .text.HAL_CAN_TxMailbox1AbortCallback  stm32f1xx_hal_can.o
    0x08003b06   0x08003b06   0x00000002   PAD
    0x08003b08   0x08003b08   0x00000002   Code   RO          159    .text.HAL_CAN_TxMailbox1CompleteCallback  stm32f1xx_hal_can.o
    0x08003b0a   0x08003b0a   0x00000002   PAD
    0x08003b0c   0x08003b0c   0x00000002   Code   RO          165    .text.HAL_CAN_TxMailbox2AbortCallback  stm32f1xx_hal_can.o
    0x08003b0e   0x08003b0e   0x00000002   PAD
    0x08003b10   0x08003b10   0x00000002   Code   RO          163    .text.HAL_CAN_TxMailbox2CompleteCallback  stm32f1xx_hal_can.o
    0x08003b12   0x08003b12   0x00000002   PAD
    0x08003b14   0x08003b14   0x00000002   Code   RO          177    .text.HAL_CAN_WakeUpFromRxMsgCallback  stm32f1xx_hal_can.o
    0x08003b16   0x08003b16   0x00000002   PAD
    0x08003b18   0x08003b18   0x00000040   Code   RO          340    .text.HAL_DMA_Abort  stm32f1xx_hal_dma.o
    0x08003b58   0x08003b58   0x000000a4   Code   RO          342    .text.HAL_DMA_Abort_IT  stm32f1xx_hal_dma.o
    0x08003bfc   0x08003bfc   0x000000b6   Code   RO          968    .text.HAL_GPIO_EXTI_Callback  drv_softi2c_bq769x0.o
    0x08003cb2   0x08003cb2   0x00000002   PAD
    0x08003cb4   0x08003cb4   0x00000016   Code   RO          320    .text.HAL_GPIO_EXTI_IRQHandler  stm32f1xx_hal_gpio.o
    0x08003cca   0x08003cca   0x00000002   PAD
    0x08003ccc   0x08003ccc   0x00000204   Code   RO          308    .text.HAL_GPIO_Init  stm32f1xx_hal_gpio.o
    0x08003ed0   0x08003ed0   0x0000000a   Code   RO          312    .text.HAL_GPIO_ReadPin  stm32f1xx_hal_gpio.o
    0x08003eda   0x08003eda   0x00000002   PAD
    0x08003edc   0x08003edc   0x00000010   Code   RO          316    .text.HAL_GPIO_TogglePin  stm32f1xx_hal_gpio.o
    0x08003eec   0x08003eec   0x0000000a   Code   RO          314    .text.HAL_GPIO_WritePin  stm32f1xx_hal_gpio.o
    0x08003ef6   0x08003ef6   0x00000002   PAD
    0x08003ef8   0x08003ef8   0x0000000c   Code   RO          207    .text.HAL_GetTick   stm32f1xx_hal.o
    0x08003f04   0x08003f04   0x00000026   Code   RO          195    .text.HAL_Init      stm32f1xx_hal.o
    0x08003f2a   0x08003f2a   0x00000002   PAD
    0x08003f2c   0x08003f2c   0x00000050   Code   RO          197    .text.HAL_InitTick  stm32f1xx_hal.o
    0x08003f7c   0x08003f7c   0x0000004a   Code   RO           92    .text.HAL_MspInit   stm32f1xx_hal_msp.o
    0x08003fc6   0x08003fc6   0x00000002   PAD
    0x08003fc8   0x08003fc8   0x00000020   Code   RO          368    .text.HAL_NVIC_EnableIRQ  stm32f1xx_hal_cortex.o
    0x08003fe8   0x08003fe8   0x00000056   Code   RO          366    .text.HAL_NVIC_SetPriority  stm32f1xx_hal_cortex.o
    0x0800403e   0x0800403e   0x00000002   PAD
    0x08004040   0x08004040   0x00000020   Code   RO          364    .text.HAL_NVIC_SetPriorityGrouping  stm32f1xx_hal_cortex.o
    0x08004060   0x08004060   0x000001ba   Code   RO          260    .text.HAL_RCC_ClockConfig  stm32f1xx_hal_rcc.o
    0x0800421a   0x0800421a   0x00000002   PAD
    0x0800421c   0x0800421c   0x0000000c   Code   RO          270    .text.HAL_RCC_GetHCLKFreq  stm32f1xx_hal_rcc.o
    0x08004228   0x08004228   0x00000026   Code   RO          272    .text.HAL_RCC_GetPCLK1Freq  stm32f1xx_hal_rcc.o
    0x0800424e   0x0800424e   0x00000002   PAD
    0x08004250   0x08004250   0x00000026   Code   RO          274    .text.HAL_RCC_GetPCLK2Freq  stm32f1xx_hal_rcc.o
    0x08004276   0x08004276   0x00000002   PAD
    0x08004278   0x08004278   0x00000330   Code   RO          258    .text.HAL_RCC_OscConfig  stm32f1xx_hal_rcc.o
    0x080045a8   0x080045a8   0x0000002c   Code   RO          376    .text.HAL_SYSTICK_Config  stm32f1xx_hal_cortex.o
    0x080045d4   0x080045d4   0x00000002   Code   RO          613    .text.HAL_UARTEx_RxEventCallback  stm32f1xx_hal_uart.o
    0x080045d6   0x080045d6   0x00000002   PAD
    0x080045d8   0x080045d8   0x00000002   Code   RO          611    .text.HAL_UART_ErrorCallback  stm32f1xx_hal_uart.o
    0x080045da   0x080045da   0x00000002   PAD
    0x080045dc   0x080045dc   0x0000026c   Code   RO          605    .text.HAL_UART_IRQHandler  stm32f1xx_hal_uart.o
    0x08004848   0x08004848   0x000000de   Code   RO          531    .text.HAL_UART_Init  stm32f1xx_hal_uart.o
    0x08004926   0x08004926   0x00000002   PAD
    0x08004928   0x08004928   0x000000fa   Code   RO           53    .text.HAL_UART_MspInit  usart.o
    0x08004a22   0x08004a22   0x00000002   PAD
    0x08004a24   0x08004a24   0x00000056   Code   RO          551    .text.HAL_UART_Receive_IT  stm32f1xx_hal_uart.o
    0x08004a7a   0x08004a7a   0x00000002   PAD
    0x08004a7c   0x08004a7c   0x00000068   Code   RO         1039    .text.HAL_UART_RxCpltCallback  drv_rs485.o
    0x08004ae4   0x08004ae4   0x0000012e   Code   RO          545    .text.HAL_UART_Transmit  stm32f1xx_hal_uart.o
    0x08004c12   0x08004c12   0x00000002   PAD
    0x08004c14   0x08004c14   0x00000044   Code   RO          549    .text.HAL_UART_Transmit_IT  stm32f1xx_hal_uart.o
    0x08004c58   0x08004c58   0x00000068   Code   RO         1041    .text.HAL_UART_TxCpltCallback  drv_rs485.o
    0x08004cc0   0x08004cc0   0x00000012   Code   RO          946    .text.I2C1_Lock     drv_soft_i2c.o
    0x08004cd2   0x08004cd2   0x00000002   PAD
    0x08004cd4   0x08004cd4   0x00000002   Code   RO          944    .text.I2C1_LockInit  drv_soft_i2c.o
    0x08004cd6   0x08004cd6   0x00000002   PAD
    0x08004cd8   0x08004cd8   0x0000000e   Code   RO          948    .text.I2C1_Unlock   drv_soft_i2c.o
    0x08004ce6   0x08004ce6   0x00000002   PAD
    0x08004ce8   0x08004ce8   0x0000004a   Code   RO          952    .text.I2C_BusInitialize  drv_soft_i2c.o
    0x08004d32   0x08004d32   0x00000002   PAD
    0x08004d34   0x08004d34   0x00000082   Code   RO          954    .text.I2C_SendAddress  drv_soft_i2c.o
    0x08004db6   0x08004db6   0x00000002   PAD
    0x08004db8   0x08004db8   0x00000338   Code   RO          950    .text.I2C_TransferMessages  drv_soft_i2c.o
    0x080050f0   0x080050f0   0x000000ac   Code   RO          956    .text.I2C_WriteByte  drv_soft_i2c.o
    0x0800519c   0x0800519c   0x00000048   Code   RO           34    .text.MX_CAN_Init   can.o
    0x080051e4   0x080051e4   0x00000116   Code   RO           25    .text.MX_GPIO_Init  gpio.o
    0x080052fa   0x080052fa   0x00000002   PAD
    0x080052fc   0x080052fc   0x0000003c   Code   RO           49    .text.MX_USART1_UART_Init  usart.o
    0x08005338   0x08005338   0x0000003c   Code   RO           51    .text.MX_USART2_UART_Init  usart.o
    0x08005374   0x08005374   0x00000002   Code   RO           69    .text.MemManage_Handler  stm32f1xx_it.o
    0x08005376   0x08005376   0x00000002   PAD
    0x08005378   0x08005378   0x00000002   Code   RO           67    .text.NMI_Handler   stm32f1xx_it.o
    0x0800537a   0x0800537a   0x00000002   PAD
    0x0800537c   0x0800537c   0x00000012   Code   RO         1505    .text.SysTick_Handler  board_1.o
    0x0800538e   0x0800538e   0x00000002   PAD
    0x08005390   0x08005390   0x0000006e   Code   RO           13    .text.SystemClock_Config  main.o
    0x080053fe   0x080053fe   0x00000002   PAD
    0x08005400   0x08005400   0x0000006e   Code   RO          651    .text.SystemCoreClockUpdate  system_stm32f1xx.o
    0x0800546e   0x0800546e   0x00000002   PAD
    0x08005470   0x08005470   0x00000002   Code   RO          649    .text.SystemInit    system_stm32f1xx.o
    0x08005472   0x08005472   0x00000002   PAD
    0x08005474   0x08005474   0x0000000c   Code   RO          609    .text.UART_DMAAbortOnError  stm32f1xx_hal_uart.o
    0x08005480   0x08005480   0x000000ae   Code   RO          607    .text.UART_Receive_IT  stm32f1xx_hal_uart.o
    0x0800552e   0x0800552e   0x00000002   PAD
    0x08005530   0x08005530   0x0000000c   Code   RO           81    .text.USART2_IRQHandler  stm32f1xx_it.o
    0x0800553c   0x0800553c   0x0000000c   Code   RO           77    .text.USB_LP_CAN1_RX0_IRQHandler  stm32f1xx_it.o
    0x08005548   0x08005548   0x00000002   Code   RO           73    .text.UsageFault_Handler  stm32f1xx_it.o
    0x0800554a   0x0800554a   0x00000002   PAD
    0x0800554c   0x0800554c   0x00000038   Code   RO         1282    .text.__rt_ffs      kservice.o
    0x08005584   0x08005584   0x000000b4   Code   RO         1404    .text._rt_thread_init  thread.o
    0x08005638   0x08005638   0x0000000a   Code   RO         1573    .text.cmd_free      msh.o
    0x08005642   0x08005642   0x00000002   PAD
    0x08005644   0x08005644   0x0000000a   Code   RO         1571    .text.cmd_ps        msh.o
    0x0800564e   0x0800564e   0x00000002   PAD
    0x08005650   0x08005650   0x00000012   Code   RO          924    .text.compaer_cell  bms_hal_monitor.o
    0x08005662   0x08005662   0x00000002   PAD
    0x08005664   0x08005664   0x00000002   Code   RO          942    .text.delay_us      drv_soft_i2c.o
    0x08005666   0x08005666   0x00000002   PAD
    0x08005668   0x08005668   0x000000d4   Code   RO         1610    .text.finsh_system_init  shell.o
    0x0800573c   0x0800573c   0x000004b0   Code   RO         1604    .text.finsh_thread_entry  shell.o
    0x08005bec   0x08005bec   0x00000020   Code   RO         1526    .text.hello         cmd.o
    0x08005c0c   0x08005c0c   0x00000080   Code   RO         1540    .text.list          cmd.o
    0x08005c8c   0x08005c8c   0x000001b0   Code   RO         1534    .text.list_event    cmd.o
    0x08005e3c   0x08005e3c   0x00000080   Code   RO         1314    .text.list_mem      mem.o
    0x08005ebc   0x08005ebc   0x000001c0   Code   RO         1536    .text.list_msgqueue  cmd.o
    0x0800607c   0x0800607c   0x000001b8   Code   RO         1532    .text.list_sem      cmd.o
    0x08006234   0x08006234   0x000001c4   Code   RO         1530    .text.list_thread   cmd.o
    0x080063f8   0x080063f8   0x00000174   Code   RO         1538    .text.list_timer    cmd.o
    0x0800656c   0x0800656c   0x0000009a   Code   RO           11    .text.main          main.o
    0x08006606   0x08006606   0x00000002   PAD
    0x08006608   0x08006608   0x00000032   Code   RO         1121    .text.main_thread_entry  components.o
    0x0800663a   0x0800663a   0x00000002   PAD
    0x0800663c   0x0800663c   0x0000013c   Code   RO         1577    .text.msh_auto_complete  msh.o
    0x08006778   0x08006778   0x00000230   Code   RO         1575    .text.msh_exec      msh.o
    0x080069a8   0x080069a8   0x00000072   Code   RO         1569    .text.msh_help      msh.o
    0x08006a1a   0x08006a1a   0x00000002   PAD
    0x08006a1c   0x08006a1c   0x00000004   Code   RO         1567    .text.msh_is_used   msh.o
    0x08006a20   0x08006a20   0x0000010c   Code   RO         1308    .text.plug_holes    mem.o
    0x08006b2c   0x08006b2c   0x000001d4   Code   RO         1266    .text.print_number  kservice.o
    0x08006d00   0x08006d00   0x00000050   Code   RO          856    .text.right_bound   bms_utils.o
    0x08006d50   0x08006d50   0x00000078   Code   RO         1286    .text.rt_assert_handler  kservice.o
    0x08006dc8   0x08006dc8   0x0000001e   Code   RO         1310    .text.rt_calloc     mem.o
    0x08006de6   0x08006de6   0x00000002   PAD
    0x08006de8   0x08006de8   0x0000002c   Code   RO         1113    .text.rt_components_board_init  components.o
    0x08006e14   0x08006e14   0x0000001c   Code   RO         1378    .text.rt_enter_critical  scheduler.o
    0x08006e30   0x08006e30   0x00000042   Code   RO         1380    .text.rt_exit_critical  scheduler.o
    0x08006e72   0x08006e72   0x00000002   PAD
    0x08006e74   0x08006e74   0x000001dc   Code   RO         1306    .text.rt_free       mem.o
    0x08007050   0x08007050   0x0000000a   Code   RO         1501    .text.rt_heap_begin_get  board_1.o
    0x0800705a   0x0800705a   0x00000002   PAD
    0x0800705c   0x0800705c   0x0000000e   Code   RO         1503    .text.rt_heap_end_get  board_1.o
    0x0800706a   0x0800706a   0x00000002   PAD
    0x0800706c   0x0800706c   0x0000003e   Code   RO         1507    .text.rt_hw_board_init  board_1.o
    0x080070aa   0x080070aa   0x00000002   PAD
    0x080070ac   0x080070ac   0x00000024   Code   RO         1513    .text.rt_hw_console_getchar  board_1.o
    0x080070d0   0x080070d0   0x00000060   Code   RO         1511    .text.rt_hw_console_output  board_1.o
    0x08007130   0x08007130   0x000003b0   Code   RO         1482    .text.rt_hw_hard_fault_exception  cpuport.o
    0x080074e0   0x080074e0   0x00000042   Code   RO         1478    .text.rt_hw_stack_init  cpuport.o
    0x08007522   0x08007522   0x00000002   PAD
    0x08007524   0x08007524   0x0000001c   Code   RO         1215    .text.rt_interrupt_enter  irq.o
    0x08007540   0x08007540   0x00000018   Code   RO         1219    .text.rt_interrupt_get_nest  irq.o
    0x08007558   0x08007558   0x0000001c   Code   RO         1217    .text.rt_interrupt_leave  irq.o
    0x08007574   0x08007574   0x00000032   Code   RO         1262    .text.rt_kprintf    kservice.o
    0x080075a6   0x080075a6   0x00000002   PAD
    0x080075a8   0x080075a8   0x00000240   Code   RO         1302    .text.rt_malloc     mem.o
    0x080077e8   0x080077e8   0x0000007a   Code   RO         1238    .text.rt_memcpy     kservice.o
    0x08007862   0x08007862   0x00000002   PAD
    0x08007864   0x08007864   0x0000003a   Code   RO         1240    .text.rt_memmove    kservice.o
    0x0800789e   0x0800789e   0x00000002   PAD
    0x080078a0   0x080078a0   0x0000005e   Code   RO         1236    .text.rt_memset     kservice.o
    0x080078fe   0x080078fe   0x00000002   PAD
    0x08007900   0x08007900   0x00000006   Code   RO         1198    .text.rt_mq_send    ipc.o
    0x08007906   0x08007906   0x00000002   PAD
    0x08007908   0x08007908   0x00000264   Code   RO         1196    .text.rt_mq_send_wait  ipc.o
    0x08007b6c   0x08007b6c   0x000000be   Code   RO         1348    .text.rt_object_allocate  object.o
    0x08007c2a   0x08007c2a   0x00000002   PAD
    0x08007c2c   0x08007c2c   0x00000090   Code   RO         1350    .text.rt_object_delete  object.o
    0x08007cbc   0x08007cbc   0x0000004c   Code   RO         1346    .text.rt_object_detach  object.o
    0x08007d08   0x08007d08   0x00000022   Code   RO         1338    .text.rt_object_get_information  object.o
    0x08007d2a   0x08007d2a   0x00000002   PAD
    0x08007d2c   0x08007d2c   0x00000034   Code   RO         1354    .text.rt_object_get_type  object.o
    0x08007d60   0x08007d60   0x000000b4   Code   RO         1344    .text.rt_object_init  object.o
    0x08007e14   0x08007e14   0x0000003c   Code   RO         1352    .text.rt_object_is_systemobject  object.o
    0x08007e50   0x08007e50   0x0000007e   Code   RO         1372    .text.rt_schedule   scheduler.o
    0x08007ece   0x08007ece   0x00000002   PAD
    0x08007ed0   0x08007ed0   0x00000084   Code   RO         1374    .text.rt_schedule_insert_thread  scheduler.o
    0x08007f54   0x08007f54   0x00000084   Code   RO         1376    .text.rt_schedule_remove_thread  scheduler.o
    0x08007fd8   0x08007fd8   0x00000064   Code   RO         1158    .text.rt_sem_init   ipc.o
    0x0800803c   0x0800803c   0x0000008a   Code   RO         1170    .text.rt_sem_release  ipc.o
    0x080080c6   0x080080c6   0x00000002   PAD
    0x080080c8   0x080080c8   0x0000016e   Code   RO         1166    .text.rt_sem_take   ipc.o
    0x08008236   0x08008236   0x00000002   PAD
    0x08008238   0x08008238   0x000000b8   Code   RO         1260    .text.rt_show_version  kservice.o
    0x080082f0   0x080082f0   0x00000010   Code   RO         1246    .text.rt_strlen     kservice.o
    0x08008300   0x08008300   0x00000032   Code   RO         1250    .text.rt_strncpy    kservice.o
    0x08008332   0x08008332   0x00000002   PAD
    0x08008334   0x08008334   0x00000118   Code   RO         1300    .text.rt_system_heap_init  mem.o
    0x0800844c   0x0800844c   0x00000052   Code   RO         1368    .text.rt_system_scheduler_init  scheduler.o
    0x0800849e   0x0800849e   0x00000002   PAD
    0x080084a0   0x080084a0   0x00000038   Code   RO         1370    .text.rt_system_scheduler_start  scheduler.o
    0x080084d8   0x080084d8   0x0000000e   Code   RO         1463    .text.rt_system_timer_init  timer.o
    0x080084e6   0x080084e6   0x00000002   PAD
    0x080084e8   0x080084e8   0x00000002   Code   RO         1465    .text.rt_system_timer_thread_init  timer.o
    0x080084ea   0x080084ea   0x00000002   PAD
    0x080084ec   0x080084ec   0x0000004a   Code   RO         1414    .text.rt_thread_create  thread.o
    0x08008536   0x08008536   0x00000002   PAD
    0x08008538   0x08008538   0x0000006e   Code   RO         1400    .text.rt_thread_exit  thread.o
    0x080085a6   0x080085a6   0x00000002   PAD
    0x080085a8   0x080085a8   0x00000006   Code   RO         1143    .text.rt_thread_idle_entry  idle.o
    0x080085ae   0x080085ae   0x00000002   PAD
    0x080085b0   0x080085b0   0x00000098   Code   RO         1139    .text.rt_thread_idle_excute  idle.o
    0x08008648   0x08008648   0x00000050   Code   RO         1141    .text.rt_thread_idle_init  idle.o
    0x08008698   0x08008698   0x00000088   Code   RO         1402    .text.rt_thread_init  thread.o
    0x08008720   0x08008720   0x0000000e   Code   RO         1428    .text.rt_thread_mdelay  thread.o
    0x0800872e   0x0800872e   0x00000002   PAD
    0x08008730   0x08008730   0x00000082   Code   RO         1410    .text.rt_thread_resume  thread.o
    0x080087b2   0x080087b2   0x00000002   PAD
    0x080087b4   0x080087b4   0x0000000c   Code   RO         1406    .text.rt_thread_self  thread.o
    0x080087c0   0x080087c0   0x00000086   Code   RO         1420    .text.rt_thread_sleep  thread.o
    0x08008846   0x08008846   0x00000002   PAD
    0x08008848   0x08008848   0x000000c4   Code   RO         1408    .text.rt_thread_startup  thread.o
    0x0800890c   0x0800890c   0x0000007e   Code   RO         1422    .text.rt_thread_suspend  thread.o
    0x0800898a   0x0800898a   0x00000002   PAD
    0x0800898c   0x0800898c   0x000000c0   Code   RO         1432    .text.rt_thread_timeout  thread.o
    0x08008a4c   0x08008a4c   0x00000072   Code   RO         1418    .text.rt_thread_yield  thread.o
    0x08008abe   0x08008abe   0x00000002   PAD
    0x08008ac0   0x08008ac0   0x0000003a   Code   RO         1094    .text.rt_tick_from_millisecond  clock.o
    0x08008afa   0x08008afa   0x00000002   PAD
    0x08008afc   0x08008afc   0x0000000c   Code   RO         1088    .text.rt_tick_get   clock.o
    0x08008b08   0x08008b08   0x00000034   Code   RO         1092    .text.rt_tick_increase  clock.o
    0x08008b3c   0x08008b3c   0x000000b0   Code   RO         1459    .text.rt_timer_check  timer.o
    0x08008bec   0x08008bec   0x0000008a   Code   RO         1457    .text.rt_timer_control  timer.o
    0x08008c76   0x08008c76   0x00000002   PAD
    0x08008c78   0x08008c78   0x00000038   Code   RO         1449    .text.rt_timer_create  timer.o
    0x08008cb0   0x08008cb0   0x000000ac   Code   RO         1447    .text.rt_timer_detach  timer.o
    0x08008d5c   0x08008d5c   0x0000005c   Code   RO         1445    .text.rt_timer_init  timer.o
    0x08008db8   0x08008db8   0x00000104   Code   RO         1453    .text.rt_timer_start  timer.o
    0x08008ebc   0x08008ebc   0x00000074   Code   RO         1455    .text.rt_timer_stop  timer.o
    0x08008f30   0x08008f30   0x00000328   Code   RO         1264    .text.rt_vsnprintf  kservice.o
    0x08009258   0x08009258   0x00000004   Code   RO         1109    .text.rti_board_end  components.o
    0x0800925c   0x0800925c   0x00000004   Code   RO         1107    .text.rti_board_start  components.o
    0x08009260   0x08009260   0x00000004   Code   RO         1111    .text.rti_end       components.o
    0x08009264   0x08009264   0x00000004   Code   RO         1105    .text.rti_start     components.o
    0x08009268   0x08009268   0x0000006c   Code   RO         1119    .text.rtthread_startup  components.o
    0x080092d4   0x080092d4   0x00000036   Code   RO         1509    .text.uart_init     board_1.o
    0x0800930a   0x0800930a   0x00000002   PAD
    0x0800930c   0x0800930c   0x0000000a   Code   RO         1528    .text.version       cmd.o
    0x08009316   0x08009316   0x00000002   PAD
    0x08009318   0x08009318   0x00000028   Code   RO         1886    i.__0sprintf        mc_w.l(printfa.o)
    0x08009340   0x08009340   0x000000aa   Code   RO         1964    i.__kernel_poly     m_ws.l(poly.o)
    0x080093ea   0x080093ea   0x00000002   PAD
    0x080093ec   0x080093ec   0x00000010   Code   RO         1950    i.__mathlib_dbl_divzero  m_ws.l(dunder.o)
    0x080093fc   0x080093fc   0x00000006   Code   RO         1951    i.__mathlib_dbl_infnan  m_ws.l(dunder.o)
    0x08009402   0x08009402   0x0000000c   Code   RO         1953    i.__mathlib_dbl_invalid  m_ws.l(dunder.o)
    0x0800940e   0x0800940e   0x0000000e   Code   RO         2031    i.__scatterload_copy  mc_w.l(handlers.o)
    0x0800941c   0x0800941c   0x00000002   Code   RO         2032    i.__scatterload_null  mc_w.l(handlers.o)
    0x0800941e   0x0800941e   0x0000000e   Code   RO         2033    i.__scatterload_zeroinit  mc_w.l(handlers.o)
    0x0800942c   0x0800942c   0x0000000c   Code   RO         2005    i.__set_errno       mc_w.l(errno.o)
    0x08009438   0x08009438   0x00000184   Code   RO         1891    i._fp_digits        mc_w.l(printfa.o)
    0x080095bc   0x080095bc   0x000006dc   Code   RO         1892    i._printf_core      mc_w.l(printfa.o)
    0x08009c98   0x08009c98   0x00000024   Code   RO         1893    i._printf_post_padding  mc_w.l(printfa.o)
    0x08009cbc   0x08009cbc   0x0000002e   Code   RO         1894    i._printf_pre_padding  mc_w.l(printfa.o)
    0x08009cea   0x08009cea   0x0000000a   Code   RO         1896    i._sputc            mc_w.l(printfa.o)
    0x08009cf4   0x08009cf4   0x0000035c   Code   RO         1630    i.log               m_ws.l(log.o)
    0x0800a050   0x0800a050   0x00000038   Data   RO         1631    .constdata          m_ws.l(log.o)
    0x0800a088   0x0800a088   0x00000008   Data   RO         1966    .constdata          m_ws.l(qnan.o)
    0x0800a090   0x0800a090   0x00000002   Data   RO          285    .rodata..L__const.HAL_RCC_GetSysClockFreq.aPredivFactorTable  stm32f1xx_hal_rcc.o
    0x0800a092   0x0800a092   0x00000010   Data   RO          654    .rodata.AHBPrescTable  system_stm32f1xx.o
    0x0800a0a2   0x0800a0a2   0x00000008   Data   RO          655    .rodata.APBPrescTable  system_stm32f1xx.o
    0x0800a0aa   0x0800a0aa   0x00000100   Data   RO         1290    .rodata.__lowest_bit_bitmap  kservice.o
    0x0800a1aa   0x0800a1aa   0x00000010   Data   RO          284    .rodata.cst16       stm32f1xx_hal_rcc.o
    0x0800a1ba   0x0800a1ba   0x00000156   Data   RO          828    .rodata.name        bms_msh_commond.o
    0x0800a310   0x0800a310   0x00000027   Data   RO         1324    .rodata.name        mem.o
    0x0800a337   0x0800a337   0x000001f9   Data   RO         1542    .rodata.name        cmd.o
    0x0800a530   0x0800a530   0x00000076   Data   RO         1580    .rodata.name        msh.o
    0x0800a5a6   0x0800a5a6   0x0000006d   Data   RO          694    .rodata.str1.1      bms_monitor.o
    0x0800a613   0x0800a613   0x000000e4   Data   RO          731    .rodata.str1.1      bms_protect.o
    0x0800a6f7   0x0800a6f7   0x00000022   Data   RO          765    .rodata.str1.1      bms_energy.o
    0x0800a719   0x0800a719   0x00000161   Data   RO          787    .rodata.str1.1      bms_info.o
    0x0800a87a   0x0800a87a   0x0000002e   Data   RO         1018    .rodata.str1.1      drv_softi2c_bq769x0.o
    0x0800a8a8   0x0800a8a8   0x00000013   Data   RO         1044    .rodata.str1.1      drv_rs485.o
    0x0800a8bb   0x0800a8bb   0x00000012   Data   RO         1069    .rodata.str1.1      drv_can.o
    0x0800a8cd   0x0800a8cd   0x00000028   Data   RO         1129    .rodata.str1.1      components.o
    0x0800a8f5   0x0800a8f5   0x00000016   Data   RO         1147    .rodata.str1.1      idle.o
    0x0800a90b   0x0800a90b   0x0000016b   Data   RO         1206    .rodata.str1.1      ipc.o
    0x0800aa76   0x0800aa76   0x00000132   Data   RO         1316    .rodata.str1.1      mem.o
    0x0800aba8   0x0800aba8   0x0000005c   Data   RO         1359    .rodata.str1.1      object.o
    0x0800ac04   0x0800ac04   0x00000012   Data   RO         1390    .rodata.str1.1      scheduler.o
    0x0800ac16   0x0800ac16   0x000000a8   Data   RO         1436    .rodata.str1.1      thread.o
    0x0800acbe   0x0800acbe   0x0000008b   Data   RO         1467    .rodata.str1.1      timer.o
    0x0800ad49   0x0800ad49   0x000001ad   Data   RO         1489    .rodata.str1.1      cpuport.o
    0x0800aef6   0x0800aef6   0x00000088   Data   RO         1546    .rodata.str1.1      cmd.o
    0x0800af7e   0x0800af7e   0x0000002e   Data   RO         1579    .rodata.str1.1      msh.o
    0x0800afac   0x0800afac   0x0000002c   Data   RO         1619    .rodata.str1.1      shell.o
    0x0800afd8   0x0800afd8   0x00000004   Data   RO         1125    .rti_fn.0           components.o
    0x0800afdc   0x0800afdc   0x00000004   Data   RO         1126    .rti_fn.0.end       components.o
    0x0800afe0   0x0800afe0   0x00000004   Data   RO         1516    .rti_fn.1           board_1.o
    0x0800afe4   0x0800afe4   0x00000004   Data   RO         1127    .rti_fn.1.end       components.o
    0x0800afe8   0x0800afe8   0x00000004   Data   RO         1620    .rti_fn.6           shell.o
    0x0800afec   0x0800afec   0x00000004   Data   RO         1128    .rti_fn.6.end       components.o
    0x0800aff0   0x0800aff0   0x0000000c   Data   RO          829    FSymTab             bms_msh_commond.o
    0x0800affc   0x0800affc   0x0000000c   Data   RO          830    FSymTab             bms_msh_commond.o
    0x0800b008   0x0800b008   0x0000000c   Data   RO          831    FSymTab             bms_msh_commond.o
    0x0800b014   0x0800b014   0x0000000c   Data   RO          832    FSymTab             bms_msh_commond.o
    0x0800b020   0x0800b020   0x0000000c   Data   RO          833    FSymTab             bms_msh_commond.o
    0x0800b02c   0x0800b02c   0x0000000c   Data   RO          834    FSymTab             bms_msh_commond.o
    0x0800b038   0x0800b038   0x0000000c   Data   RO          835    FSymTab             bms_msh_commond.o
    0x0800b044   0x0800b044   0x0000000c   Data   RO          836    FSymTab             bms_msh_commond.o
    0x0800b050   0x0800b050   0x0000000c   Data   RO          837    FSymTab             bms_msh_commond.o
    0x0800b05c   0x0800b05c   0x0000000c   Data   RO          838    FSymTab             bms_msh_commond.o
    0x0800b068   0x0800b068   0x0000000c   Data   RO         1325    FSymTab             mem.o
    0x0800b074   0x0800b074   0x0000000c   Data   RO         1543    FSymTab             cmd.o
    0x0800b080   0x0800b080   0x0000000c   Data   RO         1544    FSymTab             cmd.o
    0x0800b08c   0x0800b08c   0x0000000c   Data   RO         1545    FSymTab             cmd.o
    0x0800b098   0x0800b098   0x0000000c   Data   RO         1547    FSymTab             cmd.o
    0x0800b0a4   0x0800b0a4   0x0000000c   Data   RO         1548    FSymTab             cmd.o
    0x0800b0b0   0x0800b0b0   0x0000000c   Data   RO         1549    FSymTab             cmd.o
    0x0800b0bc   0x0800b0bc   0x0000000c   Data   RO         1550    FSymTab             cmd.o
    0x0800b0c8   0x0800b0c8   0x0000000c   Data   RO         1551    FSymTab             cmd.o
    0x0800b0d4   0x0800b0d4   0x0000000c   Data   RO         1552    FSymTab             cmd.o
    0x0800b0e0   0x0800b0e0   0x0000000c   Data   RO         1553    FSymTab             cmd.o
    0x0800b0ec   0x0800b0ec   0x0000000c   Data   RO         1554    FSymTab             cmd.o
    0x0800b0f8   0x0800b0f8   0x0000000c   Data   RO         1555    FSymTab             cmd.o
    0x0800b104   0x0800b104   0x0000000c   Data   RO         1556    FSymTab             cmd.o
    0x0800b110   0x0800b110   0x0000000c   Data   RO         1557    FSymTab             cmd.o
    0x0800b11c   0x0800b11c   0x0000000c   Data   RO         1581    FSymTab             msh.o
    0x0800b128   0x0800b128   0x0000000c   Data   RO         1582    FSymTab             msh.o
    0x0800b134   0x0800b134   0x0000000c   Data   RO         1583    FSymTab             msh.o
    0x0800b140   0x0800b140   0x00000020   Data   RO         2030    Region$$Table       anon$$obj.o


    Execution Region RW_IRAM1 (Exec base: 0x20000000, Load base: 0x0800b160, Size: 0x00003410, Max: 0x00005000, ABSOLUTE, COMPRESSED[0x00000170])

    Exec Addr    Load Addr    Size         Type   Attr      Idx    E Section Name        Object

    0x20000000   COMPRESSED   0x00000004   Data   RW         2006    .data               mc_w.l(errno.o)
    0x20000004   COMPRESSED   0x00000030   Data   RW          747    .data.BMS_AnalysisData  bms_analysis.o
    0x20000034   COMPRESSED   0x00000020   Data   RW          764    .data.BMS_EnergyData  bms_energy.o
    0x20000054   COMPRESSED   0x00000006   Data   RW          846    .data.BMS_GlobalParam  bms_global.o
    0x2000005a   COMPRESSED   0x00000002   PAD
    0x2000005c   COMPRESSED   0x00000048   Data   RW          730    .data.BMS_Protect   bms_protect.o
    0x200000a4   COMPRESSED   0x000000ca   Data   RW          748    .data.SocOcvTab     bms_analysis.o
    0x2000016e   COMPRESSED   0x00000002   PAD
    0x20000170   COMPRESSED   0x00000004   Data   RW          653    .data.SystemCoreClock  system_stm32f1xx.o
    0x20000174   COMPRESSED   0x00000020   Data   RW          958    .data.i2c1          drv_soft_i2c.o
    0x20000194   COMPRESSED   0x00000050   Data   RW         1358    .data.rt_object_container  object.o
    0x200001e4   COMPRESSED   0x00000001   Data   RW          246    .data.uwTickFreq    stm32f1xx_hal.o
    0x200001e5   COMPRESSED   0x00000003   PAD
    0x200001e8   COMPRESSED   0x00000004   Data   RW          245    .data.uwTickPrio    stm32f1xx_hal.o
    0x200001ec   COMPRESSED   0x00000004   PAD
    0x200001f0        -       0x00000001   Zero   RW         1020    .bss.Adcoffset      drv_softi2c_bq769x0.o
    0x200001f1   COMPRESSED   0x00000003   PAD
    0x200001f4        -       0x0000001c   Zero   RW         1024    .bss.AlertOps       drv_softi2c_bq769x0.o
    0x20000210        -       0x00000002   Zero   RW          749    .bss.BMS_AnalysisTempCal.LastTemp  bms_analysis.o
    0x20000212        -       0x00000001   Zero   RW          767    .bss.BMS_CHGStateBackup  bms_energy.o
    0x20000213   COMPRESSED   0x00000001   PAD
    0x20000214        -       0x00000004   Zero   RW          732    .bss.BMS_ChargeMonitor.ProtectCount  bms_protect.o
    0x20000218        -       0x00000001   Zero   RW          768    .bss.BMS_DSGStateBackup  bms_energy.o
    0x20000219   COMPRESSED   0x00000003   PAD
    0x2000021c        -       0x0000004c   Zero   RW          700    .bss.BMS_MonitorData  bms_monitor.o
    0x20000268        -       0x00000004   Zero   RW          705    .bss.BMS_MonitorSysMode.StandbyCount  bms_monitor.o
    0x2000026c        -       0x00000001   Zero   RW          704    .bss.BMS_MonitorSysMode.SysModeBackup  bms_monitor.o
    0x2000026d   COMPRESSED   0x00000003   PAD
    0x20000270        -       0x00000004   Zero   RW          733    .bss.BMS_ProtectRelieveMonitor.RelieveCountCHG  bms_protect.o
    0x20000274        -       0x00000004   Zero   RW          734    .bss.BMS_ProtectRelieveMonitor.RelieveCountDSG  bms_protect.o
    0x20000278        -       0x00000003   Zero   RW         1023    .bss.BQ769X0_CellBalanceControl.CELL_BAL_VALUE  drv_softi2c_bq769x0.o
    0x2000027b   COMPRESSED   0x00000001   PAD
    0x2000027c        -       0x00000024   Zero   RW         1016    .bss.BQ769X0_SampleData  drv_softi2c_bq769x0.o
    0x200002a0        -       0x00000001   Zero   RW          770    .bss.BalanceStartFlag  bms_energy.o
    0x200002a1   COMPRESSED   0x00000003   PAD
    0x200002a4        -       0x00000004   Zero   RW          769    .bss.BalanceVoltRiseTime  bms_energy.o
    0x200002a8        -       0x00000004   Zero   RW         1071    .bss.CanRxMq        drv_can.o
    0x200002ac        -       0x00000002   Zero   RW          702    .bss.CountBatVoltage  bms_monitor.o
    0x200002ae        -       0x00000002   Zero   RW          703    .bss.CountCellTemp  bms_monitor.o
    0x200002b0        -       0x00000002   Zero   RW          701    .bss.CountCellVoltage  bms_monitor.o
    0x200002b2        -       0x00000001   Zero   RW          698    .bss.FlagBatCurrent  bms_monitor.o
    0x200002b3        -       0x00000001   Zero   RW          696    .bss.FlagBatVoltage  bms_monitor.o
    0x200002b4        -       0x00000001   Zero   RW          697    .bss.FlagCellTemp   bms_monitor.o
    0x200002b5        -       0x00000001   Zero   RW          695    .bss.FlagCellVoltage  bms_monitor.o
    0x200002b6        -       0x00000001   Zero   RW          699    .bss.FlagSampleIntCur  bms_monitor.o
    0x200002b7   COMPRESSED   0x00000001   PAD
    0x200002b8        -       0x00000004   Zero   RW         1022    .bss.Gain           drv_softi2c_bq769x0.o
    0x200002bc        -       0x00000038   Zero   RW         1017    .bss.Registers      drv_softi2c_bq769x0.o
    0x200002f4        -       0x00000001   Zero   RW         1021    .bss.TempSampleMode  drv_softi2c_bq769x0.o
    0x200002f5   COMPRESSED   0x00000003   PAD
    0x200002f8        -       0x00000044   Zero   RW         1517    .bss.UartHandle     board_1.o
    0x2000033c        -       0x00000004   Zero   RW         1612    .bss._syscall_table_begin  shell.o
    0x20000340        -       0x00000004   Zero   RW         1613    .bss._syscall_table_end  shell.o
    0x20000344        -       0x00000081   Zero   RW         1617    .bss.finsh_get_prompt.finsh_prompt  shell.o
    0x200003c5   COMPRESSED   0x00000003   PAD
    0x200003c8        -       0x00000004   Zero   RW         1616    .bss.finsh_prompt_custom  shell.o
    0x200003cc        -       0x00000028   Zero   RW           40    .bss.hcan           can.o
    0x200003f4        -       0x00000004   Zero   RW         1319    .bss.heap_end       mem.o
    0x200003f8        -       0x00000004   Zero   RW         1318    .bss.heap_ptr       mem.o
    0x200003fc        -       0x00000020   Zero   RW         1320    .bss.heap_sem       mem.o
    0x2000041c        -       0x00000044   Zero   RW           57    .bss.huart1         usart.o
    0x20000460        -       0x00000044   Zero   RW           58    .bss.huart2         usart.o
    0x200004a4        -       0x00000002   Zero   RW         1019    .bss.iGain          drv_softi2c_bq769x0.o
    0x200004a6   COMPRESSED   0x00000002   PAD
    0x200004a8        -       0x00000080   Zero   RW         1148    .bss.idle           idle.o
    0x20000528        -       0x00000004   Zero   RW          959    .bss.level          drv_soft_i2c.o
    0x2000052c        -       0x00000004   Zero   RW         1321    .bss.lfree          mem.o
    0x20000530        -       0x00000004   Zero   RW         1323    .bss.max_mem        mem.o
    0x20000534        -       0x00000004   Zero   RW         1317    .bss.mem_size_aligned  mem.o
    0x20000538        -       0x00000004   Zero   RW          766    .bss.pTimerBalance  bms_energy.o
    0x2000053c        -       0x00000001   Zero   RW         1043    .bss.rc             drv_rs485.o
    0x2000053d   COMPRESSED   0x00000003   PAD
    0x20000540        -       0x00000004   Zero   RW         1291    .bss.rt_assert_hook  kservice.o
    0x20000544        -       0x00000001   Zero   RW         1387    .bss.rt_current_priority  scheduler.o
    0x20000545   COMPRESSED   0x00000003   PAD
    0x20000548        -       0x00000004   Zero   RW         1384    .bss.rt_current_thread  scheduler.o
    0x2000054c        -       0x00000004   Zero   RW         1488    .bss.rt_exception_hook  cpuport.o
    0x20000550        -       0x00002800   Zero   RW         1515    .bss.rt_heap        board_1.o
    0x20002d50        -       0x00000004   Zero   RW         1490    .bss.rt_interrupt_from_thread  cpuport.o
    0x20002d54        -       0x00000001   Zero   RW         1221    .bss.rt_interrupt_nest  irq.o
    0x20002d55   COMPRESSED   0x00000003   PAD
    0x20002d58        -       0x00000004   Zero   RW         1491    .bss.rt_interrupt_to_thread  cpuport.o
    0x20002d5c        -       0x00000080   Zero   RW         1289    .bss.rt_kprintf.rt_log_buf  kservice.o
    0x20002ddc        -       0x00000002   Zero   RW         1385    .bss.rt_scheduler_lock_nest  scheduler.o
    0x20002dde   COMPRESSED   0x00000002   PAD
    0x20002de0        -       0x00000008   Zero   RW         1389    .bss.rt_thread_defunct  scheduler.o
    0x20002de8        -       0x00000100   Zero   RW         1386    .bss.rt_thread_priority_table  scheduler.o
    0x20002ee8        -       0x00000004   Zero   RW         1388    .bss.rt_thread_ready_priority_group  scheduler.o
    0x20002eec        -       0x00000100   Zero   RW         1149    .bss.rt_thread_stack  idle.o
    0x20002fec        -       0x00000004   Zero   RW         1492    .bss.rt_thread_switch_interrupt_flag  cpuport.o
    0x20002ff0        -       0x00000004   Zero   RW         1096    .bss.rt_tick        clock.o
    0x20002ff4        -       0x00000008   Zero   RW         1469    .bss.rt_timer_list  timer.o
    0x20002ffc        -       0x00000004   Zero   RW         1468    .bss.rt_timer_start.random_nr  timer.o
    0x20003000        -       0x00000004   Zero   RW         1618    .bss.shell          shell.o
    0x20003004        -       0x00000004   Zero   RW         1322    .bss.used_mem       mem.o
    0x20003008        -       0x00000004   Zero   RW          247    .bss.uwTick         stm32f1xx_hal.o
    0x2000300c   COMPRESSED   0x00000004   PAD
    0x20003010        -       0x00000400   Zero   RW            1    STACK               startup_stm32f103xb.o


==============================================================================

Image component sizes


      Code (inc. data)   RO Data    RW Data    ZI Data      Debug   Object Name

      1048         60          0        250          2       5238   bms_analysis.o
       132          0          0          0          0       2350   bms_app.o
       130         52          0          0          0       2109   bms_comm.o
      1288        188         34         32         11       5836   bms_energy.o
         0          0          0          6          0        878   bms_global.o
        20          0          0          0          0       2409   bms_hal_control.o
       290          0          0          0          0       2150   bms_hal_monitor.o
      1256        188        353          0          0       4006   bms_info.o
       842         88        109          0         92       4853   bms_monitor.o
       204         64        462          0          0       3662   bms_msh_commond.o
      1688        348        228         72         12       6233   bms_protect.o
       288          0          0          0          0       4922   bms_utils.o
       290          0          4          0      10308       4720   board_1.o
       230          0          0          0         40       4929   can.o
       122          0          0          0          4       2748   clock.o
      2314        660        809          0          0      15329   cmd.o
       228          0         56          0          0       3695   components.o
       244         28          0          0          0        808   context_rvds.o
      1010        168        429          0         16       4454   cpuport.o
       152         44         18          0          4       8439   drv_can.o
       208         32         19          0          1       4693   drv_rs485.o
      1236         48          0         32          4       8227   drv_soft_i2c.o
      3618        564         46          0        131      18770   drv_softi2c_bq769x0.o
       278          0          0          0          0       2681   gpio.o
       238         52         22          0        384       3135   idle.o
      1222          0        363          0          0      21055   ipc.o
        80          0          0          0          1       1178   irq.o
      2026        342        256          0        132      16708   kservice.o
       274          0          0          0          0       2215   main.o
      1758        456        357          0         56       6562   mem.o
      1014         64        200          0          0       5686   msh.o
       736        128         92         80          0       7705   object.o
       622         56         18          0        275       5006   scheduler.o
      1412        216         48          0        145       7044   shell.o
        36          8        236          0       1024        768   startup_stm32f103xb.o
       130          0          0          5          4       5717   stm32f1xx_hal.o
      1130          6          0          0          0      13619   stm32f1xx_hal_can.o
       194          0          0          0          0       8461   stm32f1xx_hal_cortex.o
       228          0          0          0          0       7492   stm32f1xx_hal_dma.o
       574         20          0          0          0       4586   stm32f1xx_hal_gpio.o
        74          0          0          0          0       1216   stm32f1xx_hal_msp.o
      1346          0         18          0          0       7568   stm32f1xx_hal_rcc.o
      1488          0          0          0          0      22929   stm32f1xx_hal_uart.o
        54          0          0          0          0       5421   stm32f1xx_it.o
       112          0         24          4          0       1603   system_stm32f1xx.o
      1418        192        168          0          0       9907   thread.o
      1026        102        139          0         12       8037   timer.o
       370          0          0          0        136       5685   usart.o

    ----------------------------------------------------------------------
     34888       4174       4540        488      12836     303442   Object Totals
         0          0         32          0          0          0   (incl. Generated)
       210          0          0          7         42          0   (incl. Padding)

    ----------------------------------------------------------------------

      Code (inc. data)   RO Data    RW Data    ZI Data      Debug   Library Member Name

        34          4          0          0          0        204   dunder.o
       860         52         56          0          0        256   log.o
       170          0          0          0          0         96   poly.o
         0          0          8          0          0          0   qnan.o
        86          0          0          0          0          0   __dczerorl2.o
         0          0          0          0          0          0   entry.o
         0          0          0          0          0          0   entry10a.o
         0          0          0          0          0          0   entry11a.o
         8          4          0          0          0          0   entry2.o
         4          0          0          0          0          0   entry5.o
         0          0          0          0          0          0   entry7b.o
         0          0          0          0          0          0   entry8b.o
         8          4          0          0          0          0   entry9a.o
        12          6          0          4          0         68   errno.o
        30          0          0          0          0          0   handlers.o
        36          8          0          0          0         68   init.o
         0          0          0          0          0          0   iusefp.o
        30          0          0          0          0         68   llshl.o
        36          0          0          0          0         68   llsshr.o
        32          0          0          0          0         68   llushr.o
        36          0          0          0          0        108   memseta.o
      2276         86          0          0          0        520   printfa.o
        14          0          0          0          0         68   strlen.o
        30          0          0          0          0         80   strncmp.o
        24          0          0          0          0         76   strncpy.o
        44          0          0          0          0         80   uidiv.o
        98          0          0          0          0         92   uldiv.o
        48          0          0          0          0         68   cdcmple.o
        48          0          0          0          0         68   cdrcmple.o
        56          0          0          0          0         88   d2f.o
       334          0          0          0          0        148   dadd.o
       222          0          0          0          0        100   ddiv.o
       186          0          0          0          0        176   depilogue.o
        48          0          0          0          0         68   dfixul.o
        34          0          0          0          0         76   dflti.o
        26          0          0          0          0         76   dfltui.o
       228          0          0          0          0         96   dmul.o
        46          0          0          0          0         80   dscalb.o
        38          0          0          0          0         68   f2d.o
       176          0          0          0          0        140   fadd.o
        28          0          0          0          0         68   fcmpeq.o
        28          0          0          0          0         68   fcmpge.o
        28          0          0          0          0         68   fcmpgt.o
        28          0          0          0          0         68   fcmple.o
        28          0          0          0          0         68   fcmplt.o
       124          0          0          0          0         88   fdiv.o
       110          0          0          0          0        168   fepilogue.o
        50          0          0          0          0         68   ffixi.o
        18          0          0          0          0         68   fflti.o
        10          0          0          0          0         68   ffltui.o
       100          0          0          0          0         76   fmul.o

    ----------------------------------------------------------------------
      5916        164         64          4          0       4048   Library Totals
         6          0          0          0          0          0   (incl. Padding)

    ----------------------------------------------------------------------

      Code (inc. data)   RO Data    RW Data    ZI Data      Debug   Library Name

      1064         56         64          0          0        556   m_ws.l
      2804        108          0          4          0       1364   mc_w.l
      2042          0          0          0          0       2128   mf_w.l

    ----------------------------------------------------------------------
      5916        164         64          4          0       4048   Library Totals

    ----------------------------------------------------------------------

==============================================================================


      Code (inc. data)   RO Data    RW Data    ZI Data      Debug   

     40804       4338       4604        492      12836     304554   Grand Totals
     40804       4338       4604        368      12836     304554   ELF Image Totals (compressed)
     40804       4338       4604        368          0          0   ROM Totals

==============================================================================

    Total RO  Size (Code + RO Data)                45408 (  44.34kB)
    Total RW  Size (RW Data + ZI Data)             13328 (  13.02kB)
    Total ROM Size (Code + RO Data + RW Data)      45776 (  44.70kB)

==============================================================================

